2026-08-09 14:48:12,322 DEBUG cd EveryoneCanMake && uv venv env --seed --python /opt/homebrew/opt/python@3.12/bin/python3.12
2026-08-09 14:48:14,133 LOG Getting frappe
2026-08-09 14:48:14,133 DEBUG cd EveryoneCanMake/apps && git clone https://github.com/frappe/frappe.git --branch version-15 --depth 1 --origin upstream
2026-08-09 14:48:22,912 LOG Installing frappe
2026-08-09 14:48:22,913 DEBUG cd /Users/makermurtaza/Desktop/EveryoneCanMake && uv pip install --quiet -e /Users/makermurtaza/Desktop/EveryoneCanMake/apps/frappe  --python /Users/makermurtaza/Desktop/EveryoneCanMake/env/bin/python
2026-08-09 14:48:33,868 DEBUG cd /Users/makermurtaza/Desktop/EveryoneCanMake/apps/frappe && yarn install --check-files
2026-08-09 14:49:06,394 DEBUG cd EveryoneCanMake && bench build
2026-08-09 14:49:06,570 INFO /Users/makermurtaza/.local/bin/bench build
2026-08-09 14:49:23,186 LOG setting up backups
2026-08-09 14:49:27,422 LOG backups were set up
2026-08-09 14:49:27,423 INFO Bench EveryoneCanMake initialized
2026-08-09 14:49:31,715 INFO /Users/makermurtaza/.local/bin/bench new-app everyone_can_make
2026-08-09 14:49:31,718 LOG creating new app everyone_can_make
2026-08-09 14:49:32,807 WARNING /Users/makermurtaza/.local/bin/bench new-app everyone_can_make executed with exit code 1
2026-08-09 14:49:33,197 INFO /Users/makermurtaza/.local/bin/bench get-app lms
2026-08-09 14:49:33,718 LOG Getting lms
2026-08-09 14:49:33,718 DEBUG cd ./apps && git clone https://github.com/frappe/lms.git  --depth 1 --origin upstream
2026-08-09 14:49:43,182 LOG Installing lms
2026-08-09 14:49:43,182 DEBUG cd /Users/makermurtaza/Desktop/EveryoneCanMake && uv pip install --quiet -e /Users/makermurtaza/Desktop/EveryoneCanMake/apps/lms  --python /Users/makermurtaza/Desktop/EveryoneCanMake/env/bin/python
2026-08-09 14:49:47,015 DEBUG cd /Users/makermurtaza/Desktop/EveryoneCanMake/apps/lms && yarn install --check-files
2026-08-09 14:52:40,743 DEBUG bench build --app lms
2026-08-09 14:52:41,111 INFO /Users/makermurtaza/.local/bin/bench build --app lms
2026-08-09 14:53:40,598 INFO /Users/makermurtaza/.local/bin/bench new-app everyone_can_make --skip-app-title
2026-08-09 14:53:40,605 WARNING /Users/makermurtaza/.local/bin/bench new-app everyone_can_make --skip-app-title executed with exit code 2
2026-08-09 14:53:43,169 INFO /Users/makermurtaza/.local/bin/bench new-app everyone_can_make
2026-08-09 14:53:43,171 LOG creating new app everyone_can_make
2026-08-09 14:53:44,089 WARNING /Users/makermurtaza/.local/bin/bench new-app everyone_can_make executed with exit code 1
2026-08-09 14:53:46,623 INFO /Users/makermurtaza/.local/bin/bench new-app everyone_can_make
2026-08-09 14:53:46,625 LOG creating new app everyone_can_make
2026-08-09 14:53:47,249 WARNING /Users/makermurtaza/.local/bin/bench new-app everyone_can_make executed with exit code 1
2026-08-09 14:53:50,497 INFO /Users/makermurtaza/.local/bin/bench new-app everyone_can_make
2026-08-09 14:53:50,499 LOG creating new app everyone_can_make
2026-08-09 14:53:50,972 WARNING /Users/makermurtaza/.local/bin/bench new-app everyone_can_make executed with exit code 1
2026-08-09 14:54:18,978 INFO /Users/makermurtaza/.local/bin/bench new-app everyone_can_make
2026-08-09 14:54:18,982 LOG creating new app everyone_can_make
2026-08-09 14:54:19,664 WARNING /Users/makermurtaza/.local/bin/bench new-app everyone_can_make executed with exit code 1
2026-08-09 14:54:22,156 INFO /Users/makermurtaza/.local/bin/bench new-app everyone_can_make
2026-08-09 14:54:22,158 LOG creating new app everyone_can_make
2026-08-09 14:54:22,781 WARNING /Users/makermurtaza/.local/bin/bench new-app everyone_can_make executed with exit code 1
2026-08-09 14:54:25,716 INFO /Users/makermurtaza/.local/bin/bench new-app everyone_can_make
2026-08-09 14:54:25,720 LOG creating new app everyone_can_make
2026-08-09 14:54:26,290 WARNING /Users/makermurtaza/.local/bin/bench new-app everyone_can_make executed with exit code 1
2026-08-09 14:54:28,844 INFO /Users/makermurtaza/.local/bin/bench new-app everyone_can_make
2026-08-09 14:54:28,846 LOG creating new app everyone_can_make
2026-08-09 14:54:30,004 LOG Installing everyone_can_make
2026-08-09 14:54:30,005 DEBUG cd /Users/makermurtaza/Desktop/EveryoneCanMake && uv pip install --quiet -e /Users/makermurtaza/Desktop/EveryoneCanMake/apps/everyone_can_make  --python /Users/makermurtaza/Desktop/EveryoneCanMake/env/bin/python
2026-08-09 14:54:30,495 DEBUG bench build --app everyone_can_make
2026-08-09 14:54:30,601 INFO /Users/makermurtaza/.local/bin/bench build --app everyone_can_make
2026-08-09 14:55:38,645 INFO /Users/makermurtaza/.local/bin/bench new-site everyonecanmake.localhost
2026-08-09 14:55:42,860 INFO /Users/makermurtaza/.local/bin/bench new-site everyonecanmake.localhost --db-type sqlite
2026-08-09 14:55:46,329 INFO /Users/makermurtaza/.local/bin/bench new-site everyonecanmake.localhost --db-type postgres
2026-08-09 14:55:57,671 INFO /Users/makermurtaza/.local/bin/bench --site everyonecanmake.localhost set-config developer_mode 1
2026-08-09 14:55:58,347 INFO /Users/makermurtaza/.local/bin/bench start
2026-08-09 14:55:59,287 INFO /Users/makermurtaza/.local/bin/bench watch
2026-08-09 14:55:59,288 INFO /Users/makermurtaza/.local/bin/bench worker
2026-08-09 14:55:59,288 INFO /Users/makermurtaza/.local/bin/bench serve --port 8000
2026-08-09 14:55:59,290 INFO /Users/makermurtaza/.local/bin/bench schedule
2026-08-09 14:55:59,309 INFO /Users/makermurtaza/.local/bin/bench socketio
2026-08-09 14:56:21,118 INFO /Users/makermurtaza/.local/bin/bench start
2026-08-09 14:56:21,644 INFO /Users/makermurtaza/.local/bin/bench socketio
2026-08-09 14:56:21,645 INFO /Users/makermurtaza/.local/bin/bench serve --port 8000
2026-08-09 14:56:21,649 INFO /Users/makermurtaza/.local/bin/bench watch
2026-08-09 14:56:21,660 INFO /Users/makermurtaza/.local/bin/bench schedule
2026-08-09 14:56:21,681 INFO /Users/makermurtaza/.local/bin/bench worker
2026-08-09 14:56:46,597 INFO /Users/makermurtaza/.local/bin/bench start
2026-08-09 14:56:46,928 INFO /Users/makermurtaza/.local/bin/bench worker
2026-08-09 14:56:46,930 INFO /Users/makermurtaza/.local/bin/bench serve --port 8000
2026-08-09 14:56:46,932 INFO /Users/makermurtaza/.local/bin/bench socketio
2026-08-09 14:56:46,938 INFO /Users/makermurtaza/.local/bin/bench schedule
2026-08-09 14:56:46,947 INFO /Users/makermurtaza/.local/bin/bench watch
2026-08-09 14:57:41,302 INFO /Users/makermurtaza/.local/bin/bench start
2026-08-09 14:57:41,625 INFO /Users/makermurtaza/.local/bin/bench socketio
2026-08-09 14:57:41,626 INFO /Users/makermurtaza/.local/bin/bench worker
2026-08-09 14:57:41,629 INFO /Users/makermurtaza/.local/bin/bench serve --port 8000
2026-08-09 14:57:41,632 INFO /Users/makermurtaza/.local/bin/bench watch
2026-08-09 14:57:41,638 INFO /Users/makermurtaza/.local/bin/bench schedule
2026-08-09 14:59:48,388 INFO /Users/makermurtaza/.local/bin/bench --site everyonecanmake.localhost install-app frappe lms everyone_can_make
2026-08-09 15:00:17,692 INFO /Users/makermurtaza/.local/bin/bench drop-site everyonecanmake.localhost --force
2026-08-09 15:03:12,702 INFO /Users/makermurtaza/.local/bin/bench --site everyonecanmake.localhost install-app frappe lms everyone_can_make
2026-08-09 15:07:57,795 INFO /Users/makermurtaza/.local/bin/bench --site everyonecanmake.localhost migrate
2026-08-09 15:08:02,587 INFO /Users/makermurtaza/.local/bin/bench start
2026-08-09 15:08:02,997 INFO /Users/makermurtaza/.local/bin/bench schedule
2026-08-09 15:08:02,997 INFO /Users/makermurtaza/.local/bin/bench watch
2026-08-09 15:08:02,997 INFO /Users/makermurtaza/.local/bin/bench socketio
2026-08-09 15:08:03,001 INFO /Users/makermurtaza/.local/bin/bench serve --port 8000
2026-08-09 15:08:03,003 INFO /Users/makermurtaza/.local/bin/bench worker
2026-08-09 15:08:06,139 INFO /Users/makermurtaza/.local/bin/bench --site everyonecanmake.localhost install-app frappe lms everyone_can_make
2026-08-09 15:08:18,458 INFO /Users/makermurtaza/.local/bin/bench --site everyonecanmake.localhost migrate
2026-08-09 15:08:23,889 INFO /Users/makermurtaza/.local/bin/bench --site everyonecanmake.localhost reinstall --yes
2026-08-09 15:08:28,341 INFO /Users/makermurtaza/.local/bin/bench --site everyonecanmake.localhost console
2026-08-09 15:09:20,999 INFO /Users/makermurtaza/.local/bin/bench --site everyonecanmake.localhost install-app frappe lms everyone_can_make
2026-08-09 15:09:29,655 INFO /Users/makermurtaza/.local/bin/bench --site everyonecanmake.localhost install-app frappe
2026-08-09 15:09:37,549 INFO /Users/makermurtaza/.local/bin/bench drop-site everyonecanmake.localhost --force --ignore-exist
2026-08-09 15:11:02,833 INFO /Users/makermurtaza/.local/bin/bench new-site everyonecanmake.localhost --no-mariadb-socket
2026-08-09 15:11:05,911 INFO /Users/makermurtaza/.local/bin/bench new-site everyonecanmake.localhost --no-mariadb-socket
2026-08-09 15:12:12,115 INFO /Users/makermurtaza/.local/bin/bench start
2026-08-09 15:12:12,409 INFO /Users/makermurtaza/.local/bin/bench serve --port 8000
2026-08-09 15:12:12,413 INFO /Users/makermurtaza/.local/bin/bench watch
2026-08-09 15:12:12,415 INFO /Users/makermurtaza/.local/bin/bench schedule
2026-08-09 15:12:12,419 INFO /Users/makermurtaza/.local/bin/bench socketio
2026-08-09 15:12:12,426 INFO /Users/makermurtaza/.local/bin/bench worker
2026-08-09 15:12:52,320 INFO /Users/makermurtaza/.local/bin/bench drop-site everyonecanmake.localhost
2026-08-09 15:13:01,411 INFO /Users/makermurtaza/.local/bin/bench drop-site everyonecanmake.localhost --force
2026-08-09 15:16:03,973 INFO /Users/makermurtaza/.local/bin/bench --site everyonecanmake.localhost migrate
2026-08-09 15:18:02,109 INFO /Users/makermurtaza/.local/bin/bench new-site everyonecanmake.localhost --no-mariadb-socket
2026-08-09 15:18:11,224 INFO /Users/makermurtaza/.local/bin/bench new-site everyonecanmake.localhost
2026-08-09 15:18:15,042 INFO /Users/makermurtaza/.local/bin/bench new-site everyonecanmake.localhost
2026-08-09 15:18:28,381 INFO /Users/makermurtaza/.local/bin/bench --site everyonecanmake.localhost reinstall --yes
2026-08-09 15:25:17,746 INFO /Users/makermurtaza/.local/bin/bench --site everyonecanmake.localhost migrate
2026-08-09 15:28:34,622 INFO /Users/makermurtaza/.local/bin/bench start
2026-08-09 15:28:34,947 INFO /Users/makermurtaza/.local/bin/bench socketio
2026-08-09 15:28:34,949 INFO /Users/makermurtaza/.local/bin/bench schedule
2026-08-09 15:28:34,951 INFO /Users/makermurtaza/.local/bin/bench watch
2026-08-09 15:28:34,960 INFO /Users/makermurtaza/.local/bin/bench serve --port 8000
2026-08-09 15:28:34,971 INFO /Users/makermurtaza/.local/bin/bench worker
2026-08-09 15:30:03,430 INFO /Users/makermurtaza/.local/bin/bench --site everyonecanmake.localhost console
2026-08-09 15:30:13,226 INFO /Users/makermurtaza/.local/bin/bench --site everyonecanmake.localhost --force install-app everyone_can_make
2026-08-09 15:30:15,274 INFO /Users/makermurtaza/.local/bin/bench site list
2026-08-09 15:30:19,897 INFO /Users/makermurtaza/.local/bin/bench list-sites
2026-08-09 15:30:26,252 INFO /Users/makermurtaza/.local/bin/bench new-site everyonecanmake.localhost
2026-08-09 15:30:39,034 INFO /Users/makermurtaza/.local/bin/bench new-site everyonecanmake.localhost
2026-08-09 15:30:45,856 INFO /Users/makermurtaza/.local/bin/bench --site everyonecanmake.localhost install-app frappe
2026-08-09 15:40:23,493 INFO /Users/makermurtaza/.local/bin/bench --site everyonecanmake.localhost drop-site --force --ignore-exist
2026-08-09 15:40:40,394 INFO /Users/makermurtaza/.local/bin/bench new-site everyonecanmake.localhost --admin-password Admin@123
2026-08-09 15:40:42,866 INFO /Users/makermurtaza/.local/bin/bench --site everyonecanmake.localhost drop-site --force
2026-08-09 15:43:09,117 INFO /Users/makermurtaza/.local/bin/bench drop-site everyonecanmake.localhost --force
2026-08-09 15:57:14,173 INFO /Users/makermurtaza/.local/bin/bench --site everyonecanmake.localhost install-app frappe lms everyone_can_make --force
2026-08-09 16:03:33,882 INFO /Users/makermurtaza/.local/bin/bench --site everyonecanmake.localhost install-app frappe
2026-08-09 16:03:38,648 INFO /Users/makermurtaza/.local/bin/bench --site everyonecanmake.localhost reinstall --yes
2026-08-09 16:03:42,463 INFO /Users/makermurtaza/.local/bin/bench --site everyonecanmake.localhost reinstall --yes
2026-08-09 16:04:19,531 INFO /Users/makermurtaza/.local/bin/bench --site everyonecanmake.localhost reinstall --yes
2026-08-09 16:09:53,743 INFO /Users/makermurtaza/.local/bin/bench start
2026-08-09 16:09:54,287 INFO /Users/makermurtaza/.local/bin/bench socketio
2026-08-09 16:09:54,290 INFO /Users/makermurtaza/.local/bin/bench serve --port 8000
2026-08-09 16:09:54,294 INFO /Users/makermurtaza/.local/bin/bench watch
2026-08-09 16:09:54,295 INFO /Users/makermurtaza/.local/bin/bench schedule
2026-08-09 16:09:54,304 INFO /Users/makermurtaza/.local/bin/bench worker
2026-08-09 16:10:53,217 INFO /Users/makermurtaza/.local/bin/bench start
2026-08-09 16:10:53,595 INFO /Users/makermurtaza/.local/bin/bench socketio
2026-08-09 16:10:53,595 INFO /Users/makermurtaza/.local/bin/bench watch
2026-08-09 16:10:53,596 INFO /Users/makermurtaza/.local/bin/bench worker
2026-08-09 16:10:53,597 INFO /Users/makermurtaza/.local/bin/bench schedule
2026-08-09 16:10:53,603 INFO /Users/makermurtaza/.local/bin/bench serve --port 8000
