2026-08-09 14:58:42,995 ERROR scheduler Exception in Enqueue Events for Site everyonecanmake.localhost
Traceback (most recent call last):
  File "/Users/makermurtaza/Desktop/EveryoneCanMake/apps/frappe/frappe/utils/scheduler.py", line 99, in enqueue_events_for_site
    if is_scheduler_inactive():
       ^^^^^^^^^^^^^^^^^^^^^^^
  File "/Users/makermurtaza/Desktop/EveryoneCanMake/apps/frappe/frappe/utils/scheduler.py", line 143, in is_scheduler_inactive
    if is_scheduler_disabled(verbose=verbose):
       ^^^^^^^^^^^^^^^^^^^^^^^^^^^^^^^^^^^^^^
  File "/Users/makermurtaza/Desktop/EveryoneCanMake/apps/frappe/frappe/utils/scheduler.py", line 156, in is_scheduler_disabled
    frappe.db.get_single_value("System Settings", "enable_scheduler")
  File "/Users/makermurtaza/Desktop/EveryoneCanMake/apps/frappe/frappe/database/database.py", line 842, in get_single_value
    ).run()
      ^^^^^
  File "/Users/makermurtaza/Desktop/EveryoneCanMake/apps/frappe/frappe/query_builder/utils.py", line 87, in execute_query
    result = frappe.db.sql(query, params, *args, **kwargs)  # nosemgrep
             ^^^^^^^^^^^^^^^^^^^^^^^^^^^^^^^^^^^^^^^^^^^^^
  File "/Users/makermurtaza/Desktop/EveryoneCanMake/apps/frappe/frappe/database/database.py", line 207, in sql
    self.connect()
  File "/Users/makermurtaza/Desktop/EveryoneCanMake/apps/frappe/frappe/database/database.py", line 112, in connect
    self._conn: MariadbConnection | PostgresConnection = self.get_connection()
                                                         ^^^^^^^^^^^^^^^^^^^^^
  File "/Users/makermurtaza/Desktop/EveryoneCanMake/apps/frappe/frappe/database/mariadb/database.py", line 108, in get_connection
    conn = self._get_connection()
           ^^^^^^^^^^^^^^^^^^^^^^
  File "/Users/makermurtaza/Desktop/EveryoneCanMake/apps/frappe/frappe/database/mariadb/database.py", line 114, in _get_connection
    return self.create_connection()
           ^^^^^^^^^^^^^^^^^^^^^^^^
  File "/Users/makermurtaza/Desktop/EveryoneCanMake/apps/frappe/frappe/database/mariadb/database.py", line 117, in create_connection
    return pymysql.connect(**self.get_connection_settings())
           ^^^^^^^^^^^^^^^^^^^^^^^^^^^^^^^^^^^^^^^^^^^^^^^^^
  File "/Users/makermurtaza/Desktop/EveryoneCanMake/env/lib/python3.12/site-packages/pymysql/connections.py", line 361, in __init__
    self.connect()
  File "/Users/makermurtaza/Desktop/EveryoneCanMake/env/lib/python3.12/site-packages/pymysql/connections.py", line 669, in connect
    self._request_authentication()
  File "/Users/makermurtaza/Desktop/EveryoneCanMake/env/lib/python3.12/site-packages/pymysql/connections.py", line 957, in _request_authentication
    auth_packet = self._read_packet()
                  ^^^^^^^^^^^^^^^^^^^
  File "/Users/makermurtaza/Desktop/EveryoneCanMake/env/lib/python3.12/site-packages/pymysql/connections.py", line 775, in _read_packet
    packet.raise_for_error()
  File "/Users/makermurtaza/Desktop/EveryoneCanMake/env/lib/python3.12/site-packages/pymysql/protocol.py", line 219, in raise_for_error
    err.raise_mysql_exception(self._data)
  File "/Users/makermurtaza/Desktop/EveryoneCanMake/env/lib/python3.12/site-packages/pymysql/err.py", line 150, in raise_mysql_exception
    raise errorclass(errno, errval)
pymysql.err.OperationalError: (1045, "Access denied for user '_adb3ed2a993c57e2'@'localhost' (using password: YES)")
2026-08-09 14:59:43,080 ERROR scheduler Exception in Enqueue Events for Site everyonecanmake.localhost
Traceback (most recent call last):
  File "/Users/makermurtaza/Desktop/EveryoneCanMake/apps/frappe/frappe/utils/scheduler.py", line 99, in enqueue_events_for_site
    if is_scheduler_inactive():
       ^^^^^^^^^^^^^^^^^^^^^^^
  File "/Users/makermurtaza/Desktop/EveryoneCanMake/apps/frappe/frappe/utils/scheduler.py", line 143, in is_scheduler_inactive
    if is_scheduler_disabled(verbose=verbose):
       ^^^^^^^^^^^^^^^^^^^^^^^^^^^^^^^^^^^^^^
  File "/Users/makermurtaza/Desktop/EveryoneCanMake/apps/frappe/frappe/utils/scheduler.py", line 156, in is_scheduler_disabled
    frappe.db.get_single_value("System Settings", "enable_scheduler")
  File "/Users/makermurtaza/Desktop/EveryoneCanMake/apps/frappe/frappe/database/database.py", line 842, in get_single_value
    ).run()
      ^^^^^
  File "/Users/makermurtaza/Desktop/EveryoneCanMake/apps/frappe/frappe/query_builder/utils.py", line 87, in execute_query
    result = frappe.db.sql(query, params, *args, **kwargs)  # nosemgrep
             ^^^^^^^^^^^^^^^^^^^^^^^^^^^^^^^^^^^^^^^^^^^^^
  File "/Users/makermurtaza/Desktop/EveryoneCanMake/apps/frappe/frappe/database/database.py", line 207, in sql
    self.connect()
  File "/Users/makermurtaza/Desktop/EveryoneCanMake/apps/frappe/frappe/database/database.py", line 112, in connect
    self._conn: MariadbConnection | PostgresConnection = self.get_connection()
                                                         ^^^^^^^^^^^^^^^^^^^^^
  File "/Users/makermurtaza/Desktop/EveryoneCanMake/apps/frappe/frappe/database/mariadb/database.py", line 108, in get_connection
    conn = self._get_connection()
           ^^^^^^^^^^^^^^^^^^^^^^
  File "/Users/makermurtaza/Desktop/EveryoneCanMake/apps/frappe/frappe/database/mariadb/database.py", line 114, in _get_connection
    return self.create_connection()
           ^^^^^^^^^^^^^^^^^^^^^^^^
  File "/Users/makermurtaza/Desktop/EveryoneCanMake/apps/frappe/frappe/database/mariadb/database.py", line 117, in create_connection
    return pymysql.connect(**self.get_connection_settings())
           ^^^^^^^^^^^^^^^^^^^^^^^^^^^^^^^^^^^^^^^^^^^^^^^^^
  File "/Users/makermurtaza/Desktop/EveryoneCanMake/env/lib/python3.12/site-packages/pymysql/connections.py", line 361, in __init__
    self.connect()
  File "/Users/makermurtaza/Desktop/EveryoneCanMake/env/lib/python3.12/site-packages/pymysql/connections.py", line 669, in connect
    self._request_authentication()
  File "/Users/makermurtaza/Desktop/EveryoneCanMake/env/lib/python3.12/site-packages/pymysql/connections.py", line 957, in _request_authentication
    auth_packet = self._read_packet()
                  ^^^^^^^^^^^^^^^^^^^
  File "/Users/makermurtaza/Desktop/EveryoneCanMake/env/lib/python3.12/site-packages/pymysql/connections.py", line 775, in _read_packet
    packet.raise_for_error()
  File "/Users/makermurtaza/Desktop/EveryoneCanMake/env/lib/python3.12/site-packages/pymysql/protocol.py", line 219, in raise_for_error
    err.raise_mysql_exception(self._data)
  File "/Users/makermurtaza/Desktop/EveryoneCanMake/env/lib/python3.12/site-packages/pymysql/err.py", line 150, in raise_mysql_exception
    raise errorclass(errno, errval)
pymysql.err.OperationalError: (1045, "Access denied for user '_adb3ed2a993c57e2'@'localhost' (using password: YES)")
2026-08-09 15:00:43,111 ERROR scheduler Exception in Enqueue Events for Site everyonecanmake.localhost
Traceback (most recent call last):
  File "/Users/makermurtaza/Desktop/EveryoneCanMake/apps/frappe/frappe/utils/scheduler.py", line 99, in enqueue_events_for_site
    if is_scheduler_inactive():
       ^^^^^^^^^^^^^^^^^^^^^^^
  File "/Users/makermurtaza/Desktop/EveryoneCanMake/apps/frappe/frappe/utils/scheduler.py", line 143, in is_scheduler_inactive
    if is_scheduler_disabled(verbose=verbose):
       ^^^^^^^^^^^^^^^^^^^^^^^^^^^^^^^^^^^^^^
  File "/Users/makermurtaza/Desktop/EveryoneCanMake/apps/frappe/frappe/utils/scheduler.py", line 156, in is_scheduler_disabled
    frappe.db.get_single_value("System Settings", "enable_scheduler")
  File "/Users/makermurtaza/Desktop/EveryoneCanMake/apps/frappe/frappe/database/database.py", line 842, in get_single_value
    ).run()
      ^^^^^
  File "/Users/makermurtaza/Desktop/EveryoneCanMake/apps/frappe/frappe/query_builder/utils.py", line 87, in execute_query
    result = frappe.db.sql(query, params, *args, **kwargs)  # nosemgrep
             ^^^^^^^^^^^^^^^^^^^^^^^^^^^^^^^^^^^^^^^^^^^^^
  File "/Users/makermurtaza/Desktop/EveryoneCanMake/apps/frappe/frappe/database/database.py", line 207, in sql
    self.connect()
  File "/Users/makermurtaza/Desktop/EveryoneCanMake/apps/frappe/frappe/database/database.py", line 112, in connect
    self._conn: MariadbConnection | PostgresConnection = self.get_connection()
                                                         ^^^^^^^^^^^^^^^^^^^^^
  File "/Users/makermurtaza/Desktop/EveryoneCanMake/apps/frappe/frappe/database/mariadb/database.py", line 108, in get_connection
    conn = self._get_connection()
           ^^^^^^^^^^^^^^^^^^^^^^
  File "/Users/makermurtaza/Desktop/EveryoneCanMake/apps/frappe/frappe/database/mariadb/database.py", line 114, in _get_connection
    return self.create_connection()
           ^^^^^^^^^^^^^^^^^^^^^^^^
  File "/Users/makermurtaza/Desktop/EveryoneCanMake/apps/frappe/frappe/database/mariadb/database.py", line 117, in create_connection
    return pymysql.connect(**self.get_connection_settings())
           ^^^^^^^^^^^^^^^^^^^^^^^^^^^^^^^^^^^^^^^^^^^^^^^^^
  File "/Users/makermurtaza/Desktop/EveryoneCanMake/env/lib/python3.12/site-packages/pymysql/connections.py", line 361, in __init__
    self.connect()
  File "/Users/makermurtaza/Desktop/EveryoneCanMake/env/lib/python3.12/site-packages/pymysql/connections.py", line 669, in connect
    self._request_authentication()
  File "/Users/makermurtaza/Desktop/EveryoneCanMake/env/lib/python3.12/site-packages/pymysql/connections.py", line 957, in _request_authentication
    auth_packet = self._read_packet()
                  ^^^^^^^^^^^^^^^^^^^
  File "/Users/makermurtaza/Desktop/EveryoneCanMake/env/lib/python3.12/site-packages/pymysql/connections.py", line 775, in _read_packet
    packet.raise_for_error()
  File "/Users/makermurtaza/Desktop/EveryoneCanMake/env/lib/python3.12/site-packages/pymysql/protocol.py", line 219, in raise_for_error
    err.raise_mysql_exception(self._data)
  File "/Users/makermurtaza/Desktop/EveryoneCanMake/env/lib/python3.12/site-packages/pymysql/err.py", line 150, in raise_mysql_exception
    raise errorclass(errno, errval)
pymysql.err.OperationalError: (1045, "Access denied for user '_adb3ed2a993c57e2'@'localhost' (using password: YES)")
2026-08-09 15:01:43,162 ERROR scheduler Exception in Enqueue Events for Site everyonecanmake.localhost
Traceback (most recent call last):
  File "/Users/makermurtaza/Desktop/EveryoneCanMake/apps/frappe/frappe/utils/scheduler.py", line 99, in enqueue_events_for_site
    if is_scheduler_inactive():
       ^^^^^^^^^^^^^^^^^^^^^^^
  File "/Users/makermurtaza/Desktop/EveryoneCanMake/apps/frappe/frappe/utils/scheduler.py", line 143, in is_scheduler_inactive
    if is_scheduler_disabled(verbose=verbose):
       ^^^^^^^^^^^^^^^^^^^^^^^^^^^^^^^^^^^^^^
  File "/Users/makermurtaza/Desktop/EveryoneCanMake/apps/frappe/frappe/utils/scheduler.py", line 156, in is_scheduler_disabled
    frappe.db.get_single_value("System Settings", "enable_scheduler")
  File "/Users/makermurtaza/Desktop/EveryoneCanMake/apps/frappe/frappe/database/database.py", line 842, in get_single_value
    ).run()
      ^^^^^
  File "/Users/makermurtaza/Desktop/EveryoneCanMake/apps/frappe/frappe/query_builder/utils.py", line 87, in execute_query
    result = frappe.db.sql(query, params, *args, **kwargs)  # nosemgrep
             ^^^^^^^^^^^^^^^^^^^^^^^^^^^^^^^^^^^^^^^^^^^^^
  File "/Users/makermurtaza/Desktop/EveryoneCanMake/apps/frappe/frappe/database/database.py", line 207, in sql
    self.connect()
  File "/Users/makermurtaza/Desktop/EveryoneCanMake/apps/frappe/frappe/database/database.py", line 112, in connect
    self._conn: MariadbConnection | PostgresConnection = self.get_connection()
                                                         ^^^^^^^^^^^^^^^^^^^^^
  File "/Users/makermurtaza/Desktop/EveryoneCanMake/apps/frappe/frappe/database/mariadb/database.py", line 108, in get_connection
    conn = self._get_connection()
           ^^^^^^^^^^^^^^^^^^^^^^
  File "/Users/makermurtaza/Desktop/EveryoneCanMake/apps/frappe/frappe/database/mariadb/database.py", line 114, in _get_connection
    return self.create_connection()
           ^^^^^^^^^^^^^^^^^^^^^^^^
  File "/Users/makermurtaza/Desktop/EveryoneCanMake/apps/frappe/frappe/database/mariadb/database.py", line 117, in create_connection
    return pymysql.connect(**self.get_connection_settings())
           ^^^^^^^^^^^^^^^^^^^^^^^^^^^^^^^^^^^^^^^^^^^^^^^^^
  File "/Users/makermurtaza/Desktop/EveryoneCanMake/env/lib/python3.12/site-packages/pymysql/connections.py", line 361, in __init__
    self.connect()
  File "/Users/makermurtaza/Desktop/EveryoneCanMake/env/lib/python3.12/site-packages/pymysql/connections.py", line 669, in connect
    self._request_authentication()
  File "/Users/makermurtaza/Desktop/EveryoneCanMake/env/lib/python3.12/site-packages/pymysql/connections.py", line 957, in _request_authentication
    auth_packet = self._read_packet()
                  ^^^^^^^^^^^^^^^^^^^
  File "/Users/makermurtaza/Desktop/EveryoneCanMake/env/lib/python3.12/site-packages/pymysql/connections.py", line 775, in _read_packet
    packet.raise_for_error()
  File "/Users/makermurtaza/Desktop/EveryoneCanMake/env/lib/python3.12/site-packages/pymysql/protocol.py", line 219, in raise_for_error
    err.raise_mysql_exception(self._data)
  File "/Users/makermurtaza/Desktop/EveryoneCanMake/env/lib/python3.12/site-packages/pymysql/err.py", line 150, in raise_mysql_exception
    raise errorclass(errno, errval)
pymysql.err.OperationalError: (1045, "Access denied for user '_adb3ed2a993c57e2'@'localhost' (using password: YES)")
2026-08-09 15:02:43,239 ERROR scheduler Exception in Enqueue Events for Site everyonecanmake.localhost
Traceback (most recent call last):
  File "/Users/makermurtaza/Desktop/EveryoneCanMake/apps/frappe/frappe/utils/scheduler.py", line 99, in enqueue_events_for_site
    if is_scheduler_inactive():
       ^^^^^^^^^^^^^^^^^^^^^^^
  File "/Users/makermurtaza/Desktop/EveryoneCanMake/apps/frappe/frappe/utils/scheduler.py", line 143, in is_scheduler_inactive
    if is_scheduler_disabled(verbose=verbose):
       ^^^^^^^^^^^^^^^^^^^^^^^^^^^^^^^^^^^^^^
  File "/Users/makermurtaza/Desktop/EveryoneCanMake/apps/frappe/frappe/utils/scheduler.py", line 156, in is_scheduler_disabled
    frappe.db.get_single_value("System Settings", "enable_scheduler")
  File "/Users/makermurtaza/Desktop/EveryoneCanMake/apps/frappe/frappe/database/database.py", line 842, in get_single_value
    ).run()
      ^^^^^
  File "/Users/makermurtaza/Desktop/EveryoneCanMake/apps/frappe/frappe/query_builder/utils.py", line 87, in execute_query
    result = frappe.db.sql(query, params, *args, **kwargs)  # nosemgrep
             ^^^^^^^^^^^^^^^^^^^^^^^^^^^^^^^^^^^^^^^^^^^^^
  File "/Users/makermurtaza/Desktop/EveryoneCanMake/apps/frappe/frappe/database/database.py", line 207, in sql
    self.connect()
  File "/Users/makermurtaza/Desktop/EveryoneCanMake/apps/frappe/frappe/database/database.py", line 112, in connect
    self._conn: MariadbConnection | PostgresConnection = self.get_connection()
                                                         ^^^^^^^^^^^^^^^^^^^^^
  File "/Users/makermurtaza/Desktop/EveryoneCanMake/apps/frappe/frappe/database/mariadb/database.py", line 108, in get_connection
    conn = self._get_connection()
           ^^^^^^^^^^^^^^^^^^^^^^
  File "/Users/makermurtaza/Desktop/EveryoneCanMake/apps/frappe/frappe/database/mariadb/database.py", line 114, in _get_connection
    return self.create_connection()
           ^^^^^^^^^^^^^^^^^^^^^^^^
  File "/Users/makermurtaza/Desktop/EveryoneCanMake/apps/frappe/frappe/database/mariadb/database.py", line 117, in create_connection
    return pymysql.connect(**self.get_connection_settings())
           ^^^^^^^^^^^^^^^^^^^^^^^^^^^^^^^^^^^^^^^^^^^^^^^^^
  File "/Users/makermurtaza/Desktop/EveryoneCanMake/env/lib/python3.12/site-packages/pymysql/connections.py", line 361, in __init__
    self.connect()
  File "/Users/makermurtaza/Desktop/EveryoneCanMake/env/lib/python3.12/site-packages/pymysql/connections.py", line 669, in connect
    self._request_authentication()
  File "/Users/makermurtaza/Desktop/EveryoneCanMake/env/lib/python3.12/site-packages/pymysql/connections.py", line 957, in _request_authentication
    auth_packet = self._read_packet()
                  ^^^^^^^^^^^^^^^^^^^
  File "/Users/makermurtaza/Desktop/EveryoneCanMake/env/lib/python3.12/site-packages/pymysql/connections.py", line 775, in _read_packet
    packet.raise_for_error()
  File "/Users/makermurtaza/Desktop/EveryoneCanMake/env/lib/python3.12/site-packages/pymysql/protocol.py", line 219, in raise_for_error
    err.raise_mysql_exception(self._data)
  File "/Users/makermurtaza/Desktop/EveryoneCanMake/env/lib/python3.12/site-packages/pymysql/err.py", line 150, in raise_mysql_exception
    raise errorclass(errno, errval)
pymysql.err.OperationalError: (1045, "Access denied for user '_adb3ed2a993c57e2'@'localhost' (using password: YES)")
2026-08-09 15:03:43,275 ERROR scheduler Exception in Enqueue Events for Site everyonecanmake.localhost
Traceback (most recent call last):
  File "/Users/makermurtaza/Desktop/EveryoneCanMake/apps/frappe/frappe/utils/scheduler.py", line 99, in enqueue_events_for_site
    if is_scheduler_inactive():
       ^^^^^^^^^^^^^^^^^^^^^^^
  File "/Users/makermurtaza/Desktop/EveryoneCanMake/apps/frappe/frappe/utils/scheduler.py", line 143, in is_scheduler_inactive
    if is_scheduler_disabled(verbose=verbose):
       ^^^^^^^^^^^^^^^^^^^^^^^^^^^^^^^^^^^^^^
  File "/Users/makermurtaza/Desktop/EveryoneCanMake/apps/frappe/frappe/utils/scheduler.py", line 156, in is_scheduler_disabled
    frappe.db.get_single_value("System Settings", "enable_scheduler")
  File "/Users/makermurtaza/Desktop/EveryoneCanMake/apps/frappe/frappe/database/database.py", line 842, in get_single_value
    ).run()
      ^^^^^
  File "/Users/makermurtaza/Desktop/EveryoneCanMake/apps/frappe/frappe/query_builder/utils.py", line 87, in execute_query
    result = frappe.db.sql(query, params, *args, **kwargs)  # nosemgrep
             ^^^^^^^^^^^^^^^^^^^^^^^^^^^^^^^^^^^^^^^^^^^^^
  File "/Users/makermurtaza/Desktop/EveryoneCanMake/apps/frappe/frappe/database/database.py", line 230, in sql
    self._cursor.execute(query, values)
  File "/Users/makermurtaza/Desktop/EveryoneCanMake/env/lib/python3.12/site-packages/pymysql/cursors.py", line 153, in execute
    result = self._query(query)
             ^^^^^^^^^^^^^^^^^^
  File "/Users/makermurtaza/Desktop/EveryoneCanMake/env/lib/python3.12/site-packages/pymysql/cursors.py", line 322, in _query
    conn.query(q)
  File "/Users/makermurtaza/Desktop/EveryoneCanMake/env/lib/python3.12/site-packages/pymysql/connections.py", line 563, in query
    self._affected_rows = self._read_query_result(unbuffered=unbuffered)
                          ^^^^^^^^^^^^^^^^^^^^^^^^^^^^^^^^^^^^^^^^^^^^^^
  File "/Users/makermurtaza/Desktop/EveryoneCanMake/env/lib/python3.12/site-packages/pymysql/connections.py", line 825, in _read_query_result
    result.read()
  File "/Users/makermurtaza/Desktop/EveryoneCanMake/env/lib/python3.12/site-packages/pymysql/connections.py", line 1199, in read
    first_packet = self.connection._read_packet()
                   ^^^^^^^^^^^^^^^^^^^^^^^^^^^^^^
  File "/Users/makermurtaza/Desktop/EveryoneCanMake/env/lib/python3.12/site-packages/pymysql/connections.py", line 775, in _read_packet
    packet.raise_for_error()
  File "/Users/makermurtaza/Desktop/EveryoneCanMake/env/lib/python3.12/site-packages/pymysql/protocol.py", line 219, in raise_for_error
    err.raise_mysql_exception(self._data)
  File "/Users/makermurtaza/Desktop/EveryoneCanMake/env/lib/python3.12/site-packages/pymysql/err.py", line 150, in raise_mysql_exception
    raise errorclass(errno, errval)
pymysql.err.ProgrammingError: (1146, "Table '_adb3ed2a993c57e2.tabsingles' doesn't exist")
2026-08-09 15:04:43,337 ERROR scheduler Exception in Enqueue Events for Site everyonecanmake.localhost
Traceback (most recent call last):
  File "/Users/makermurtaza/Desktop/EveryoneCanMake/apps/frappe/frappe/utils/scheduler.py", line 99, in enqueue_events_for_site
    if is_scheduler_inactive():
       ^^^^^^^^^^^^^^^^^^^^^^^
  File "/Users/makermurtaza/Desktop/EveryoneCanMake/apps/frappe/frappe/utils/scheduler.py", line 143, in is_scheduler_inactive
    if is_scheduler_disabled(verbose=verbose):
       ^^^^^^^^^^^^^^^^^^^^^^^^^^^^^^^^^^^^^^
  File "/Users/makermurtaza/Desktop/EveryoneCanMake/apps/frappe/frappe/utils/scheduler.py", line 156, in is_scheduler_disabled
    frappe.db.get_single_value("System Settings", "enable_scheduler")
  File "/Users/makermurtaza/Desktop/EveryoneCanMake/apps/frappe/frappe/database/database.py", line 842, in get_single_value
    ).run()
      ^^^^^
  File "/Users/makermurtaza/Desktop/EveryoneCanMake/apps/frappe/frappe/query_builder/utils.py", line 87, in execute_query
    result = frappe.db.sql(query, params, *args, **kwargs)  # nosemgrep
             ^^^^^^^^^^^^^^^^^^^^^^^^^^^^^^^^^^^^^^^^^^^^^
  File "/Users/makermurtaza/Desktop/EveryoneCanMake/apps/frappe/frappe/database/database.py", line 230, in sql
    self._cursor.execute(query, values)
  File "/Users/makermurtaza/Desktop/EveryoneCanMake/env/lib/python3.12/site-packages/pymysql/cursors.py", line 153, in execute
    result = self._query(query)
             ^^^^^^^^^^^^^^^^^^
  File "/Users/makermurtaza/Desktop/EveryoneCanMake/env/lib/python3.12/site-packages/pymysql/cursors.py", line 322, in _query
    conn.query(q)
  File "/Users/makermurtaza/Desktop/EveryoneCanMake/env/lib/python3.12/site-packages/pymysql/connections.py", line 563, in query
    self._affected_rows = self._read_query_result(unbuffered=unbuffered)
                          ^^^^^^^^^^^^^^^^^^^^^^^^^^^^^^^^^^^^^^^^^^^^^^
  File "/Users/makermurtaza/Desktop/EveryoneCanMake/env/lib/python3.12/site-packages/pymysql/connections.py", line 825, in _read_query_result
    result.read()
  File "/Users/makermurtaza/Desktop/EveryoneCanMake/env/lib/python3.12/site-packages/pymysql/connections.py", line 1199, in read
    first_packet = self.connection._read_packet()
                   ^^^^^^^^^^^^^^^^^^^^^^^^^^^^^^
  File "/Users/makermurtaza/Desktop/EveryoneCanMake/env/lib/python3.12/site-packages/pymysql/connections.py", line 775, in _read_packet
    packet.raise_for_error()
  File "/Users/makermurtaza/Desktop/EveryoneCanMake/env/lib/python3.12/site-packages/pymysql/protocol.py", line 219, in raise_for_error
    err.raise_mysql_exception(self._data)
  File "/Users/makermurtaza/Desktop/EveryoneCanMake/env/lib/python3.12/site-packages/pymysql/err.py", line 150, in raise_mysql_exception
    raise errorclass(errno, errval)
pymysql.err.ProgrammingError: (1146, "Table '_adb3ed2a993c57e2.tabsingles' doesn't exist")
2026-08-09 15:05:43,385 ERROR scheduler Exception in Enqueue Events for Site everyonecanmake.localhost
Traceback (most recent call last):
  File "/Users/makermurtaza/Desktop/EveryoneCanMake/apps/frappe/frappe/utils/scheduler.py", line 99, in enqueue_events_for_site
    if is_scheduler_inactive():
       ^^^^^^^^^^^^^^^^^^^^^^^
  File "/Users/makermurtaza/Desktop/EveryoneCanMake/apps/frappe/frappe/utils/scheduler.py", line 143, in is_scheduler_inactive
    if is_scheduler_disabled(verbose=verbose):
       ^^^^^^^^^^^^^^^^^^^^^^^^^^^^^^^^^^^^^^
  File "/Users/makermurtaza/Desktop/EveryoneCanMake/apps/frappe/frappe/utils/scheduler.py", line 156, in is_scheduler_disabled
    frappe.db.get_single_value("System Settings", "enable_scheduler")
  File "/Users/makermurtaza/Desktop/EveryoneCanMake/apps/frappe/frappe/database/database.py", line 842, in get_single_value
    ).run()
      ^^^^^
  File "/Users/makermurtaza/Desktop/EveryoneCanMake/apps/frappe/frappe/query_builder/utils.py", line 87, in execute_query
    result = frappe.db.sql(query, params, *args, **kwargs)  # nosemgrep
             ^^^^^^^^^^^^^^^^^^^^^^^^^^^^^^^^^^^^^^^^^^^^^
  File "/Users/makermurtaza/Desktop/EveryoneCanMake/apps/frappe/frappe/database/database.py", line 230, in sql
    self._cursor.execute(query, values)
  File "/Users/makermurtaza/Desktop/EveryoneCanMake/env/lib/python3.12/site-packages/pymysql/cursors.py", line 153, in execute
    result = self._query(query)
             ^^^^^^^^^^^^^^^^^^
  File "/Users/makermurtaza/Desktop/EveryoneCanMake/env/lib/python3.12/site-packages/pymysql/cursors.py", line 322, in _query
    conn.query(q)
  File "/Users/makermurtaza/Desktop/EveryoneCanMake/env/lib/python3.12/site-packages/pymysql/connections.py", line 563, in query
    self._affected_rows = self._read_query_result(unbuffered=unbuffered)
                          ^^^^^^^^^^^^^^^^^^^^^^^^^^^^^^^^^^^^^^^^^^^^^^
  File "/Users/makermurtaza/Desktop/EveryoneCanMake/env/lib/python3.12/site-packages/pymysql/connections.py", line 825, in _read_query_result
    result.read()
  File "/Users/makermurtaza/Desktop/EveryoneCanMake/env/lib/python3.12/site-packages/pymysql/connections.py", line 1199, in read
    first_packet = self.connection._read_packet()
                   ^^^^^^^^^^^^^^^^^^^^^^^^^^^^^^
  File "/Users/makermurtaza/Desktop/EveryoneCanMake/env/lib/python3.12/site-packages/pymysql/connections.py", line 775, in _read_packet
    packet.raise_for_error()
  File "/Users/makermurtaza/Desktop/EveryoneCanMake/env/lib/python3.12/site-packages/pymysql/protocol.py", line 219, in raise_for_error
    err.raise_mysql_exception(self._data)
  File "/Users/makermurtaza/Desktop/EveryoneCanMake/env/lib/python3.12/site-packages/pymysql/err.py", line 150, in raise_mysql_exception
    raise errorclass(errno, errval)
pymysql.err.ProgrammingError: (1146, "Table '_adb3ed2a993c57e2.tabsingles' doesn't exist")
2026-08-09 15:06:43,434 ERROR scheduler Exception in Enqueue Events for Site everyonecanmake.localhost
Traceback (most recent call last):
  File "/Users/makermurtaza/Desktop/EveryoneCanMake/apps/frappe/frappe/utils/scheduler.py", line 99, in enqueue_events_for_site
    if is_scheduler_inactive():
       ^^^^^^^^^^^^^^^^^^^^^^^
  File "/Users/makermurtaza/Desktop/EveryoneCanMake/apps/frappe/frappe/utils/scheduler.py", line 143, in is_scheduler_inactive
    if is_scheduler_disabled(verbose=verbose):
       ^^^^^^^^^^^^^^^^^^^^^^^^^^^^^^^^^^^^^^
  File "/Users/makermurtaza/Desktop/EveryoneCanMake/apps/frappe/frappe/utils/scheduler.py", line 156, in is_scheduler_disabled
    frappe.db.get_single_value("System Settings", "enable_scheduler")
  File "/Users/makermurtaza/Desktop/EveryoneCanMake/apps/frappe/frappe/database/database.py", line 842, in get_single_value
    ).run()
      ^^^^^
  File "/Users/makermurtaza/Desktop/EveryoneCanMake/apps/frappe/frappe/query_builder/utils.py", line 87, in execute_query
    result = frappe.db.sql(query, params, *args, **kwargs)  # nosemgrep
             ^^^^^^^^^^^^^^^^^^^^^^^^^^^^^^^^^^^^^^^^^^^^^
  File "/Users/makermurtaza/Desktop/EveryoneCanMake/apps/frappe/frappe/database/database.py", line 207, in sql
    self.connect()
  File "/Users/makermurtaza/Desktop/EveryoneCanMake/apps/frappe/frappe/database/database.py", line 112, in connect
    self._conn: MariadbConnection | PostgresConnection = self.get_connection()
                                                         ^^^^^^^^^^^^^^^^^^^^^
  File "/Users/makermurtaza/Desktop/EveryoneCanMake/apps/frappe/frappe/database/mariadb/database.py", line 108, in get_connection
    conn = self._get_connection()
           ^^^^^^^^^^^^^^^^^^^^^^
  File "/Users/makermurtaza/Desktop/EveryoneCanMake/apps/frappe/frappe/database/mariadb/database.py", line 114, in _get_connection
    return self.create_connection()
           ^^^^^^^^^^^^^^^^^^^^^^^^
  File "/Users/makermurtaza/Desktop/EveryoneCanMake/apps/frappe/frappe/database/mariadb/database.py", line 117, in create_connection
    return pymysql.connect(**self.get_connection_settings())
           ^^^^^^^^^^^^^^^^^^^^^^^^^^^^^^^^^^^^^^^^^^^^^^^^^
  File "/Users/makermurtaza/Desktop/EveryoneCanMake/env/lib/python3.12/site-packages/pymysql/connections.py", line 361, in __init__
    self.connect()
  File "/Users/makermurtaza/Desktop/EveryoneCanMake/env/lib/python3.12/site-packages/pymysql/connections.py", line 669, in connect
    self._request_authentication()
  File "/Users/makermurtaza/Desktop/EveryoneCanMake/env/lib/python3.12/site-packages/pymysql/connections.py", line 957, in _request_authentication
    auth_packet = self._read_packet()
                  ^^^^^^^^^^^^^^^^^^^
  File "/Users/makermurtaza/Desktop/EveryoneCanMake/env/lib/python3.12/site-packages/pymysql/connections.py", line 775, in _read_packet
    packet.raise_for_error()
  File "/Users/makermurtaza/Desktop/EveryoneCanMake/env/lib/python3.12/site-packages/pymysql/protocol.py", line 219, in raise_for_error
    err.raise_mysql_exception(self._data)
  File "/Users/makermurtaza/Desktop/EveryoneCanMake/env/lib/python3.12/site-packages/pymysql/err.py", line 150, in raise_mysql_exception
    raise errorclass(errno, errval)
pymysql.err.OperationalError: (1045, "Access denied for user '_adb3ed2a993c57e2'@'localhost' (using password: YES)")
2026-08-09 15:07:43,435 ERROR scheduler Exception in Enqueue Events for Site everyonecanmake.localhost
Traceback (most recent call last):
  File "/Users/makermurtaza/Desktop/EveryoneCanMake/apps/frappe/frappe/utils/scheduler.py", line 99, in enqueue_events_for_site
    if is_scheduler_inactive():
       ^^^^^^^^^^^^^^^^^^^^^^^
  File "/Users/makermurtaza/Desktop/EveryoneCanMake/apps/frappe/frappe/utils/scheduler.py", line 143, in is_scheduler_inactive
    if is_scheduler_disabled(verbose=verbose):
       ^^^^^^^^^^^^^^^^^^^^^^^^^^^^^^^^^^^^^^
  File "/Users/makermurtaza/Desktop/EveryoneCanMake/apps/frappe/frappe/utils/scheduler.py", line 156, in is_scheduler_disabled
    frappe.db.get_single_value("System Settings", "enable_scheduler")
  File "/Users/makermurtaza/Desktop/EveryoneCanMake/apps/frappe/frappe/database/database.py", line 842, in get_single_value
    ).run()
      ^^^^^
  File "/Users/makermurtaza/Desktop/EveryoneCanMake/apps/frappe/frappe/query_builder/utils.py", line 87, in execute_query
    result = frappe.db.sql(query, params, *args, **kwargs)  # nosemgrep
             ^^^^^^^^^^^^^^^^^^^^^^^^^^^^^^^^^^^^^^^^^^^^^
  File "/Users/makermurtaza/Desktop/EveryoneCanMake/apps/frappe/frappe/database/database.py", line 230, in sql
    self._cursor.execute(query, values)
  File "/Users/makermurtaza/Desktop/EveryoneCanMake/env/lib/python3.12/site-packages/pymysql/cursors.py", line 153, in execute
    result = self._query(query)
             ^^^^^^^^^^^^^^^^^^
  File "/Users/makermurtaza/Desktop/EveryoneCanMake/env/lib/python3.12/site-packages/pymysql/cursors.py", line 322, in _query
    conn.query(q)
  File "/Users/makermurtaza/Desktop/EveryoneCanMake/env/lib/python3.12/site-packages/pymysql/connections.py", line 563, in query
    self._affected_rows = self._read_query_result(unbuffered=unbuffered)
                          ^^^^^^^^^^^^^^^^^^^^^^^^^^^^^^^^^^^^^^^^^^^^^^
  File "/Users/makermurtaza/Desktop/EveryoneCanMake/env/lib/python3.12/site-packages/pymysql/connections.py", line 825, in _read_query_result
    result.read()
  File "/Users/makermurtaza/Desktop/EveryoneCanMake/env/lib/python3.12/site-packages/pymysql/connections.py", line 1199, in read
    first_packet = self.connection._read_packet()
                   ^^^^^^^^^^^^^^^^^^^^^^^^^^^^^^
  File "/Users/makermurtaza/Desktop/EveryoneCanMake/env/lib/python3.12/site-packages/pymysql/connections.py", line 775, in _read_packet
    packet.raise_for_error()
  File "/Users/makermurtaza/Desktop/EveryoneCanMake/env/lib/python3.12/site-packages/pymysql/protocol.py", line 219, in raise_for_error
    err.raise_mysql_exception(self._data)
  File "/Users/makermurtaza/Desktop/EveryoneCanMake/env/lib/python3.12/site-packages/pymysql/err.py", line 150, in raise_mysql_exception
    raise errorclass(errno, errval)
pymysql.err.ProgrammingError: (1146, "Table '_adb3ed2a993c57e2.tabsingles' doesn't exist")
2026-08-09 15:08:43,497 ERROR scheduler Exception in Enqueue Events for Site everyonecanmake.localhost
Traceback (most recent call last):
  File "/Users/makermurtaza/Desktop/EveryoneCanMake/apps/frappe/frappe/utils/scheduler.py", line 99, in enqueue_events_for_site
    if is_scheduler_inactive():
       ^^^^^^^^^^^^^^^^^^^^^^^
  File "/Users/makermurtaza/Desktop/EveryoneCanMake/apps/frappe/frappe/utils/scheduler.py", line 143, in is_scheduler_inactive
    if is_scheduler_disabled(verbose=verbose):
       ^^^^^^^^^^^^^^^^^^^^^^^^^^^^^^^^^^^^^^
  File "/Users/makermurtaza/Desktop/EveryoneCanMake/apps/frappe/frappe/utils/scheduler.py", line 156, in is_scheduler_disabled
    frappe.db.get_single_value("System Settings", "enable_scheduler")
  File "/Users/makermurtaza/Desktop/EveryoneCanMake/apps/frappe/frappe/database/database.py", line 842, in get_single_value
    ).run()
      ^^^^^
  File "/Users/makermurtaza/Desktop/EveryoneCanMake/apps/frappe/frappe/query_builder/utils.py", line 87, in execute_query
    result = frappe.db.sql(query, params, *args, **kwargs)  # nosemgrep
             ^^^^^^^^^^^^^^^^^^^^^^^^^^^^^^^^^^^^^^^^^^^^^
  File "/Users/makermurtaza/Desktop/EveryoneCanMake/apps/frappe/frappe/database/database.py", line 230, in sql
    self._cursor.execute(query, values)
  File "/Users/makermurtaza/Desktop/EveryoneCanMake/env/lib/python3.12/site-packages/pymysql/cursors.py", line 153, in execute
    result = self._query(query)
             ^^^^^^^^^^^^^^^^^^
  File "/Users/makermurtaza/Desktop/EveryoneCanMake/env/lib/python3.12/site-packages/pymysql/cursors.py", line 322, in _query
    conn.query(q)
  File "/Users/makermurtaza/Desktop/EveryoneCanMake/env/lib/python3.12/site-packages/pymysql/connections.py", line 563, in query
    self._affected_rows = self._read_query_result(unbuffered=unbuffered)
                          ^^^^^^^^^^^^^^^^^^^^^^^^^^^^^^^^^^^^^^^^^^^^^^
  File "/Users/makermurtaza/Desktop/EveryoneCanMake/env/lib/python3.12/site-packages/pymysql/connections.py", line 825, in _read_query_result
    result.read()
  File "/Users/makermurtaza/Desktop/EveryoneCanMake/env/lib/python3.12/site-packages/pymysql/connections.py", line 1199, in read
    first_packet = self.connection._read_packet()
                   ^^^^^^^^^^^^^^^^^^^^^^^^^^^^^^
  File "/Users/makermurtaza/Desktop/EveryoneCanMake/env/lib/python3.12/site-packages/pymysql/connections.py", line 775, in _read_packet
    packet.raise_for_error()
  File "/Users/makermurtaza/Desktop/EveryoneCanMake/env/lib/python3.12/site-packages/pymysql/protocol.py", line 219, in raise_for_error
    err.raise_mysql_exception(self._data)
  File "/Users/makermurtaza/Desktop/EveryoneCanMake/env/lib/python3.12/site-packages/pymysql/err.py", line 150, in raise_mysql_exception
    raise errorclass(errno, errval)
pymysql.err.ProgrammingError: (1146, "Table '_adb3ed2a993c57e2.tabsingles' doesn't exist")
2026-08-09 15:11:43,714 ERROR scheduler Exception in Enqueue Events for Site everyonecanmake.localhost
Traceback (most recent call last):
  File "/Users/makermurtaza/Desktop/EveryoneCanMake/apps/frappe/frappe/utils/scheduler.py", line 99, in enqueue_events_for_site
    if is_scheduler_inactive():
       ^^^^^^^^^^^^^^^^^^^^^^^
  File "/Users/makermurtaza/Desktop/EveryoneCanMake/apps/frappe/frappe/utils/scheduler.py", line 143, in is_scheduler_inactive
    if is_scheduler_disabled(verbose=verbose):
       ^^^^^^^^^^^^^^^^^^^^^^^^^^^^^^^^^^^^^^
  File "/Users/makermurtaza/Desktop/EveryoneCanMake/apps/frappe/frappe/utils/scheduler.py", line 156, in is_scheduler_disabled
    frappe.db.get_single_value("System Settings", "enable_scheduler")
  File "/Users/makermurtaza/Desktop/EveryoneCanMake/apps/frappe/frappe/database/database.py", line 845, in get_single_value
    df = frappe.get_meta(doctype).get_field(fieldname)
         ^^^^^^^^^^^^^^^^^^^^^^^^
  File "/Users/makermurtaza/Desktop/EveryoneCanMake/apps/frappe/frappe/__init__.py", line 1356, in get_meta
    return frappe.model.meta.get_meta(doctype, cached=cached)
           ^^^^^^^^^^^^^^^^^^^^^^^^^^^^^^^^^^^^^^^^^^^^^^^^^^
  File "/Users/makermurtaza/Desktop/EveryoneCanMake/apps/frappe/frappe/model/meta.py", line 71, in get_meta
    meta = Meta(doctype)
           ^^^^^^^^^^^^^
  File "/Users/makermurtaza/Desktop/EveryoneCanMake/apps/frappe/frappe/model/meta.py", line 125, in __init__
    super().__init__("DocType", doctype)
  File "/Users/makermurtaza/Desktop/EveryoneCanMake/apps/frappe/frappe/model/document.py", line 126, in __init__
    self.load_from_db()
  File "/Users/makermurtaza/Desktop/EveryoneCanMake/apps/frappe/frappe/model/meta.py", line 131, in load_from_db
    super().load_from_db()
  File "/Users/makermurtaza/Desktop/EveryoneCanMake/apps/frappe/frappe/model/document.py", line 179, in load_from_db
    frappe.throw(
  File "/Users/makermurtaza/Desktop/EveryoneCanMake/apps/frappe/frappe/__init__.py", line 621, in throw
    msgprint(
  File "/Users/makermurtaza/Desktop/EveryoneCanMake/apps/frappe/frappe/__init__.py", line 586, in msgprint
    _raise_exception()
  File "/Users/makermurtaza/Desktop/EveryoneCanMake/apps/frappe/frappe/__init__.py", line 537, in _raise_exception
    raise exc
frappe.exceptions.DoesNotExistError: DocType System Settings not found
2026-08-09 15:12:43,750 ERROR scheduler Exception in Enqueue Events for Site everyonecanmake.localhost
Traceback (most recent call last):
  File "/Users/makermurtaza/Desktop/EveryoneCanMake/apps/frappe/frappe/utils/scheduler.py", line 99, in enqueue_events_for_site
    if is_scheduler_inactive():
       ^^^^^^^^^^^^^^^^^^^^^^^
  File "/Users/makermurtaza/Desktop/EveryoneCanMake/apps/frappe/frappe/utils/scheduler.py", line 143, in is_scheduler_inactive
    if is_scheduler_disabled(verbose=verbose):
       ^^^^^^^^^^^^^^^^^^^^^^^^^^^^^^^^^^^^^^
  File "/Users/makermurtaza/Desktop/EveryoneCanMake/apps/frappe/frappe/utils/scheduler.py", line 156, in is_scheduler_disabled
    frappe.db.get_single_value("System Settings", "enable_scheduler")
  File "/Users/makermurtaza/Desktop/EveryoneCanMake/apps/frappe/frappe/database/database.py", line 845, in get_single_value
    df = frappe.get_meta(doctype).get_field(fieldname)
         ^^^^^^^^^^^^^^^^^^^^^^^^
  File "/Users/makermurtaza/Desktop/EveryoneCanMake/apps/frappe/frappe/__init__.py", line 1356, in get_meta
    return frappe.model.meta.get_meta(doctype, cached=cached)
           ^^^^^^^^^^^^^^^^^^^^^^^^^^^^^^^^^^^^^^^^^^^^^^^^^^
  File "/Users/makermurtaza/Desktop/EveryoneCanMake/apps/frappe/frappe/model/meta.py", line 71, in get_meta
    meta = Meta(doctype)
           ^^^^^^^^^^^^^
  File "/Users/makermurtaza/Desktop/EveryoneCanMake/apps/frappe/frappe/model/meta.py", line 125, in __init__
    super().__init__("DocType", doctype)
  File "/Users/makermurtaza/Desktop/EveryoneCanMake/apps/frappe/frappe/model/document.py", line 126, in __init__
    self.load_from_db()
  File "/Users/makermurtaza/Desktop/EveryoneCanMake/apps/frappe/frappe/model/meta.py", line 131, in load_from_db
    super().load_from_db()
  File "/Users/makermurtaza/Desktop/EveryoneCanMake/apps/frappe/frappe/model/document.py", line 179, in load_from_db
    frappe.throw(
  File "/Users/makermurtaza/Desktop/EveryoneCanMake/apps/frappe/frappe/__init__.py", line 621, in throw
    msgprint(
  File "/Users/makermurtaza/Desktop/EveryoneCanMake/apps/frappe/frappe/__init__.py", line 586, in msgprint
    _raise_exception()
  File "/Users/makermurtaza/Desktop/EveryoneCanMake/apps/frappe/frappe/__init__.py", line 537, in _raise_exception
    raise exc
frappe.exceptions.DoesNotExistError: DocType System Settings not found
2026-08-09 15:13:43,877 ERROR scheduler Exception in Enqueue Events for Site everyonecanmake.localhost
Traceback (most recent call last):
  File "/Users/makermurtaza/Desktop/EveryoneCanMake/apps/frappe/frappe/utils/scheduler.py", line 99, in enqueue_events_for_site
    if is_scheduler_inactive():
       ^^^^^^^^^^^^^^^^^^^^^^^
  File "/Users/makermurtaza/Desktop/EveryoneCanMake/apps/frappe/frappe/utils/scheduler.py", line 143, in is_scheduler_inactive
    if is_scheduler_disabled(verbose=verbose):
       ^^^^^^^^^^^^^^^^^^^^^^^^^^^^^^^^^^^^^^
  File "/Users/makermurtaza/Desktop/EveryoneCanMake/apps/frappe/frappe/utils/scheduler.py", line 156, in is_scheduler_disabled
    frappe.db.get_single_value("System Settings", "enable_scheduler")
  File "/Users/makermurtaza/Desktop/EveryoneCanMake/apps/frappe/frappe/database/database.py", line 845, in get_single_value
    df = frappe.get_meta(doctype).get_field(fieldname)
         ^^^^^^^^^^^^^^^^^^^^^^^^
  File "/Users/makermurtaza/Desktop/EveryoneCanMake/apps/frappe/frappe/__init__.py", line 1356, in get_meta
    return frappe.model.meta.get_meta(doctype, cached=cached)
           ^^^^^^^^^^^^^^^^^^^^^^^^^^^^^^^^^^^^^^^^^^^^^^^^^^
  File "/Users/makermurtaza/Desktop/EveryoneCanMake/apps/frappe/frappe/model/meta.py", line 71, in get_meta
    meta = Meta(doctype)
           ^^^^^^^^^^^^^
  File "/Users/makermurtaza/Desktop/EveryoneCanMake/apps/frappe/frappe/model/meta.py", line 125, in __init__
    super().__init__("DocType", doctype)
  File "/Users/makermurtaza/Desktop/EveryoneCanMake/apps/frappe/frappe/model/document.py", line 126, in __init__
    self.load_from_db()
  File "/Users/makermurtaza/Desktop/EveryoneCanMake/apps/frappe/frappe/model/meta.py", line 131, in load_from_db
    super().load_from_db()
  File "/Users/makermurtaza/Desktop/EveryoneCanMake/apps/frappe/frappe/model/document.py", line 179, in load_from_db
    frappe.throw(
  File "/Users/makermurtaza/Desktop/EveryoneCanMake/apps/frappe/frappe/__init__.py", line 621, in throw
    msgprint(
  File "/Users/makermurtaza/Desktop/EveryoneCanMake/apps/frappe/frappe/__init__.py", line 586, in msgprint
    _raise_exception()
  File "/Users/makermurtaza/Desktop/EveryoneCanMake/apps/frappe/frappe/__init__.py", line 537, in _raise_exception
    raise exc
frappe.exceptions.DoesNotExistError: DocType System Settings not found
2026-08-09 15:14:43,985 ERROR scheduler Exception in Enqueue Events for Site everyonecanmake.localhost
Traceback (most recent call last):
  File "/Users/makermurtaza/Desktop/EveryoneCanMake/apps/frappe/frappe/utils/scheduler.py", line 99, in enqueue_events_for_site
    if is_scheduler_inactive():
       ^^^^^^^^^^^^^^^^^^^^^^^
  File "/Users/makermurtaza/Desktop/EveryoneCanMake/apps/frappe/frappe/utils/scheduler.py", line 143, in is_scheduler_inactive
    if is_scheduler_disabled(verbose=verbose):
       ^^^^^^^^^^^^^^^^^^^^^^^^^^^^^^^^^^^^^^
  File "/Users/makermurtaza/Desktop/EveryoneCanMake/apps/frappe/frappe/utils/scheduler.py", line 156, in is_scheduler_disabled
    frappe.db.get_single_value("System Settings", "enable_scheduler")
  File "/Users/makermurtaza/Desktop/EveryoneCanMake/apps/frappe/frappe/database/database.py", line 845, in get_single_value
    df = frappe.get_meta(doctype).get_field(fieldname)
         ^^^^^^^^^^^^^^^^^^^^^^^^
  File "/Users/makermurtaza/Desktop/EveryoneCanMake/apps/frappe/frappe/__init__.py", line 1356, in get_meta
    return frappe.model.meta.get_meta(doctype, cached=cached)
           ^^^^^^^^^^^^^^^^^^^^^^^^^^^^^^^^^^^^^^^^^^^^^^^^^^
  File "/Users/makermurtaza/Desktop/EveryoneCanMake/apps/frappe/frappe/model/meta.py", line 71, in get_meta
    meta = Meta(doctype)
           ^^^^^^^^^^^^^
  File "/Users/makermurtaza/Desktop/EveryoneCanMake/apps/frappe/frappe/model/meta.py", line 125, in __init__
    super().__init__("DocType", doctype)
  File "/Users/makermurtaza/Desktop/EveryoneCanMake/apps/frappe/frappe/model/document.py", line 126, in __init__
    self.load_from_db()
  File "/Users/makermurtaza/Desktop/EveryoneCanMake/apps/frappe/frappe/model/meta.py", line 131, in load_from_db
    super().load_from_db()
  File "/Users/makermurtaza/Desktop/EveryoneCanMake/apps/frappe/frappe/model/document.py", line 179, in load_from_db
    frappe.throw(
  File "/Users/makermurtaza/Desktop/EveryoneCanMake/apps/frappe/frappe/__init__.py", line 621, in throw
    msgprint(
  File "/Users/makermurtaza/Desktop/EveryoneCanMake/apps/frappe/frappe/__init__.py", line 586, in msgprint
    _raise_exception()
  File "/Users/makermurtaza/Desktop/EveryoneCanMake/apps/frappe/frappe/__init__.py", line 537, in _raise_exception
    raise exc
frappe.exceptions.DoesNotExistError: DocType System Settings not found
2026-08-09 15:15:44,146 ERROR scheduler Exception in Enqueue Events for Site everyonecanmake.localhost
Traceback (most recent call last):
  File "/Users/makermurtaza/Desktop/EveryoneCanMake/apps/frappe/frappe/utils/scheduler.py", line 99, in enqueue_events_for_site
    if is_scheduler_inactive():
       ^^^^^^^^^^^^^^^^^^^^^^^
  File "/Users/makermurtaza/Desktop/EveryoneCanMake/apps/frappe/frappe/utils/scheduler.py", line 143, in is_scheduler_inactive
    if is_scheduler_disabled(verbose=verbose):
       ^^^^^^^^^^^^^^^^^^^^^^^^^^^^^^^^^^^^^^
  File "/Users/makermurtaza/Desktop/EveryoneCanMake/apps/frappe/frappe/utils/scheduler.py", line 156, in is_scheduler_disabled
    frappe.db.get_single_value("System Settings", "enable_scheduler")
  File "/Users/makermurtaza/Desktop/EveryoneCanMake/apps/frappe/frappe/database/database.py", line 845, in get_single_value
    df = frappe.get_meta(doctype).get_field(fieldname)
         ^^^^^^^^^^^^^^^^^^^^^^^^
  File "/Users/makermurtaza/Desktop/EveryoneCanMake/apps/frappe/frappe/__init__.py", line 1356, in get_meta
    return frappe.model.meta.get_meta(doctype, cached=cached)
           ^^^^^^^^^^^^^^^^^^^^^^^^^^^^^^^^^^^^^^^^^^^^^^^^^^
  File "/Users/makermurtaza/Desktop/EveryoneCanMake/apps/frappe/frappe/model/meta.py", line 71, in get_meta
    meta = Meta(doctype)
           ^^^^^^^^^^^^^
  File "/Users/makermurtaza/Desktop/EveryoneCanMake/apps/frappe/frappe/model/meta.py", line 125, in __init__
    super().__init__("DocType", doctype)
  File "/Users/makermurtaza/Desktop/EveryoneCanMake/apps/frappe/frappe/model/document.py", line 126, in __init__
    self.load_from_db()
  File "/Users/makermurtaza/Desktop/EveryoneCanMake/apps/frappe/frappe/model/meta.py", line 131, in load_from_db
    super().load_from_db()
  File "/Users/makermurtaza/Desktop/EveryoneCanMake/apps/frappe/frappe/model/document.py", line 179, in load_from_db
    frappe.throw(
  File "/Users/makermurtaza/Desktop/EveryoneCanMake/apps/frappe/frappe/__init__.py", line 621, in throw
    msgprint(
  File "/Users/makermurtaza/Desktop/EveryoneCanMake/apps/frappe/frappe/__init__.py", line 586, in msgprint
    _raise_exception()
  File "/Users/makermurtaza/Desktop/EveryoneCanMake/apps/frappe/frappe/__init__.py", line 537, in _raise_exception
    raise exc
frappe.exceptions.DoesNotExistError: DocType System Settings not found
2026-08-09 15:16:44,218 ERROR scheduler Exception in Enqueue Events for Site everyonecanmake.localhost
Traceback (most recent call last):
  File "/Users/makermurtaza/Desktop/EveryoneCanMake/apps/frappe/frappe/utils/scheduler.py", line 99, in enqueue_events_for_site
    if is_scheduler_inactive():
       ^^^^^^^^^^^^^^^^^^^^^^^
  File "/Users/makermurtaza/Desktop/EveryoneCanMake/apps/frappe/frappe/utils/scheduler.py", line 143, in is_scheduler_inactive
    if is_scheduler_disabled(verbose=verbose):
       ^^^^^^^^^^^^^^^^^^^^^^^^^^^^^^^^^^^^^^
  File "/Users/makermurtaza/Desktop/EveryoneCanMake/apps/frappe/frappe/utils/scheduler.py", line 156, in is_scheduler_disabled
    frappe.db.get_single_value("System Settings", "enable_scheduler")
  File "/Users/makermurtaza/Desktop/EveryoneCanMake/apps/frappe/frappe/database/database.py", line 845, in get_single_value
    df = frappe.get_meta(doctype).get_field(fieldname)
         ^^^^^^^^^^^^^^^^^^^^^^^^
  File "/Users/makermurtaza/Desktop/EveryoneCanMake/apps/frappe/frappe/__init__.py", line 1356, in get_meta
    return frappe.model.meta.get_meta(doctype, cached=cached)
           ^^^^^^^^^^^^^^^^^^^^^^^^^^^^^^^^^^^^^^^^^^^^^^^^^^
  File "/Users/makermurtaza/Desktop/EveryoneCanMake/apps/frappe/frappe/model/meta.py", line 71, in get_meta
    meta = Meta(doctype)
           ^^^^^^^^^^^^^
  File "/Users/makermurtaza/Desktop/EveryoneCanMake/apps/frappe/frappe/model/meta.py", line 125, in __init__
    super().__init__("DocType", doctype)
  File "/Users/makermurtaza/Desktop/EveryoneCanMake/apps/frappe/frappe/model/document.py", line 126, in __init__
    self.load_from_db()
  File "/Users/makermurtaza/Desktop/EveryoneCanMake/apps/frappe/frappe/model/meta.py", line 131, in load_from_db
    super().load_from_db()
  File "/Users/makermurtaza/Desktop/EveryoneCanMake/apps/frappe/frappe/model/document.py", line 179, in load_from_db
    frappe.throw(
  File "/Users/makermurtaza/Desktop/EveryoneCanMake/apps/frappe/frappe/__init__.py", line 621, in throw
    msgprint(
  File "/Users/makermurtaza/Desktop/EveryoneCanMake/apps/frappe/frappe/__init__.py", line 586, in msgprint
    _raise_exception()
  File "/Users/makermurtaza/Desktop/EveryoneCanMake/apps/frappe/frappe/__init__.py", line 537, in _raise_exception
    raise exc
frappe.exceptions.DoesNotExistError: DocType System Settings not found
2026-08-09 15:17:44,268 ERROR scheduler Exception in Enqueue Events for Site everyonecanmake.localhost
Traceback (most recent call last):
  File "/Users/makermurtaza/Desktop/EveryoneCanMake/apps/frappe/frappe/utils/scheduler.py", line 99, in enqueue_events_for_site
    if is_scheduler_inactive():
       ^^^^^^^^^^^^^^^^^^^^^^^
  File "/Users/makermurtaza/Desktop/EveryoneCanMake/apps/frappe/frappe/utils/scheduler.py", line 143, in is_scheduler_inactive
    if is_scheduler_disabled(verbose=verbose):
       ^^^^^^^^^^^^^^^^^^^^^^^^^^^^^^^^^^^^^^
  File "/Users/makermurtaza/Desktop/EveryoneCanMake/apps/frappe/frappe/utils/scheduler.py", line 156, in is_scheduler_disabled
    frappe.db.get_single_value("System Settings", "enable_scheduler")
  File "/Users/makermurtaza/Desktop/EveryoneCanMake/apps/frappe/frappe/database/database.py", line 845, in get_single_value
    df = frappe.get_meta(doctype).get_field(fieldname)
         ^^^^^^^^^^^^^^^^^^^^^^^^
  File "/Users/makermurtaza/Desktop/EveryoneCanMake/apps/frappe/frappe/__init__.py", line 1356, in get_meta
    return frappe.model.meta.get_meta(doctype, cached=cached)
           ^^^^^^^^^^^^^^^^^^^^^^^^^^^^^^^^^^^^^^^^^^^^^^^^^^
  File "/Users/makermurtaza/Desktop/EveryoneCanMake/apps/frappe/frappe/model/meta.py", line 71, in get_meta
    meta = Meta(doctype)
           ^^^^^^^^^^^^^
  File "/Users/makermurtaza/Desktop/EveryoneCanMake/apps/frappe/frappe/model/meta.py", line 125, in __init__
    super().__init__("DocType", doctype)
  File "/Users/makermurtaza/Desktop/EveryoneCanMake/apps/frappe/frappe/model/document.py", line 126, in __init__
    self.load_from_db()
  File "/Users/makermurtaza/Desktop/EveryoneCanMake/apps/frappe/frappe/model/meta.py", line 131, in load_from_db
    super().load_from_db()
  File "/Users/makermurtaza/Desktop/EveryoneCanMake/apps/frappe/frappe/model/document.py", line 179, in load_from_db
    frappe.throw(
  File "/Users/makermurtaza/Desktop/EveryoneCanMake/apps/frappe/frappe/__init__.py", line 621, in throw
    msgprint(
  File "/Users/makermurtaza/Desktop/EveryoneCanMake/apps/frappe/frappe/__init__.py", line 586, in msgprint
    _raise_exception()
  File "/Users/makermurtaza/Desktop/EveryoneCanMake/apps/frappe/frappe/__init__.py", line 537, in _raise_exception
    raise exc
frappe.exceptions.DoesNotExistError: DocType System Settings not found
2026-08-09 15:18:44,308 ERROR scheduler Exception in Enqueue Events for Site everyonecanmake.localhost
Traceback (most recent call last):
  File "/Users/makermurtaza/Desktop/EveryoneCanMake/apps/frappe/frappe/utils/scheduler.py", line 99, in enqueue_events_for_site
    if is_scheduler_inactive():
       ^^^^^^^^^^^^^^^^^^^^^^^
  File "/Users/makermurtaza/Desktop/EveryoneCanMake/apps/frappe/frappe/utils/scheduler.py", line 143, in is_scheduler_inactive
    if is_scheduler_disabled(verbose=verbose):
       ^^^^^^^^^^^^^^^^^^^^^^^^^^^^^^^^^^^^^^
  File "/Users/makermurtaza/Desktop/EveryoneCanMake/apps/frappe/frappe/utils/scheduler.py", line 156, in is_scheduler_disabled
    frappe.db.get_single_value("System Settings", "enable_scheduler")
  File "/Users/makermurtaza/Desktop/EveryoneCanMake/apps/frappe/frappe/database/database.py", line 845, in get_single_value
    df = frappe.get_meta(doctype).get_field(fieldname)
         ^^^^^^^^^^^^^^^^^^^^^^^^
  File "/Users/makermurtaza/Desktop/EveryoneCanMake/apps/frappe/frappe/__init__.py", line 1356, in get_meta
    return frappe.model.meta.get_meta(doctype, cached=cached)
           ^^^^^^^^^^^^^^^^^^^^^^^^^^^^^^^^^^^^^^^^^^^^^^^^^^
  File "/Users/makermurtaza/Desktop/EveryoneCanMake/apps/frappe/frappe/model/meta.py", line 71, in get_meta
    meta = Meta(doctype)
           ^^^^^^^^^^^^^
  File "/Users/makermurtaza/Desktop/EveryoneCanMake/apps/frappe/frappe/model/meta.py", line 125, in __init__
    super().__init__("DocType", doctype)
  File "/Users/makermurtaza/Desktop/EveryoneCanMake/apps/frappe/frappe/model/document.py", line 126, in __init__
    self.load_from_db()
  File "/Users/makermurtaza/Desktop/EveryoneCanMake/apps/frappe/frappe/model/meta.py", line 131, in load_from_db
    super().load_from_db()
  File "/Users/makermurtaza/Desktop/EveryoneCanMake/apps/frappe/frappe/model/document.py", line 179, in load_from_db
    frappe.throw(
  File "/Users/makermurtaza/Desktop/EveryoneCanMake/apps/frappe/frappe/__init__.py", line 621, in throw
    msgprint(
  File "/Users/makermurtaza/Desktop/EveryoneCanMake/apps/frappe/frappe/__init__.py", line 586, in msgprint
    _raise_exception()
  File "/Users/makermurtaza/Desktop/EveryoneCanMake/apps/frappe/frappe/__init__.py", line 537, in _raise_exception
    raise exc
frappe.exceptions.DoesNotExistError: DocType System Settings not found
2026-08-09 15:19:44,420 ERROR scheduler Exception in Enqueue Events for Site everyonecanmake.localhost
Traceback (most recent call last):
  File "/Users/makermurtaza/Desktop/EveryoneCanMake/apps/frappe/frappe/utils/scheduler.py", line 99, in enqueue_events_for_site
    if is_scheduler_inactive():
       ^^^^^^^^^^^^^^^^^^^^^^^
  File "/Users/makermurtaza/Desktop/EveryoneCanMake/apps/frappe/frappe/utils/scheduler.py", line 143, in is_scheduler_inactive
    if is_scheduler_disabled(verbose=verbose):
       ^^^^^^^^^^^^^^^^^^^^^^^^^^^^^^^^^^^^^^
  File "/Users/makermurtaza/Desktop/EveryoneCanMake/apps/frappe/frappe/utils/scheduler.py", line 156, in is_scheduler_disabled
    frappe.db.get_single_value("System Settings", "enable_scheduler")
  File "/Users/makermurtaza/Desktop/EveryoneCanMake/apps/frappe/frappe/database/database.py", line 845, in get_single_value
    df = frappe.get_meta(doctype).get_field(fieldname)
         ^^^^^^^^^^^^^^^^^^^^^^^^
  File "/Users/makermurtaza/Desktop/EveryoneCanMake/apps/frappe/frappe/__init__.py", line 1356, in get_meta
    return frappe.model.meta.get_meta(doctype, cached=cached)
           ^^^^^^^^^^^^^^^^^^^^^^^^^^^^^^^^^^^^^^^^^^^^^^^^^^
  File "/Users/makermurtaza/Desktop/EveryoneCanMake/apps/frappe/frappe/model/meta.py", line 71, in get_meta
    meta = Meta(doctype)
           ^^^^^^^^^^^^^
  File "/Users/makermurtaza/Desktop/EveryoneCanMake/apps/frappe/frappe/model/meta.py", line 125, in __init__
    super().__init__("DocType", doctype)
  File "/Users/makermurtaza/Desktop/EveryoneCanMake/apps/frappe/frappe/model/document.py", line 126, in __init__
    self.load_from_db()
  File "/Users/makermurtaza/Desktop/EveryoneCanMake/apps/frappe/frappe/model/meta.py", line 131, in load_from_db
    super().load_from_db()
  File "/Users/makermurtaza/Desktop/EveryoneCanMake/apps/frappe/frappe/model/document.py", line 179, in load_from_db
    frappe.throw(
  File "/Users/makermurtaza/Desktop/EveryoneCanMake/apps/frappe/frappe/__init__.py", line 621, in throw
    msgprint(
  File "/Users/makermurtaza/Desktop/EveryoneCanMake/apps/frappe/frappe/__init__.py", line 586, in msgprint
    _raise_exception()
  File "/Users/makermurtaza/Desktop/EveryoneCanMake/apps/frappe/frappe/__init__.py", line 537, in _raise_exception
    raise exc
frappe.exceptions.DoesNotExistError: DocType System Settings not found
2026-08-09 15:20:44,513 ERROR scheduler Exception in Enqueue Events for Site everyonecanmake.localhost
Traceback (most recent call last):
  File "/Users/makermurtaza/Desktop/EveryoneCanMake/apps/frappe/frappe/utils/scheduler.py", line 99, in enqueue_events_for_site
    if is_scheduler_inactive():
       ^^^^^^^^^^^^^^^^^^^^^^^
  File "/Users/makermurtaza/Desktop/EveryoneCanMake/apps/frappe/frappe/utils/scheduler.py", line 143, in is_scheduler_inactive
    if is_scheduler_disabled(verbose=verbose):
       ^^^^^^^^^^^^^^^^^^^^^^^^^^^^^^^^^^^^^^
  File "/Users/makermurtaza/Desktop/EveryoneCanMake/apps/frappe/frappe/utils/scheduler.py", line 156, in is_scheduler_disabled
    frappe.db.get_single_value("System Settings", "enable_scheduler")
  File "/Users/makermurtaza/Desktop/EveryoneCanMake/apps/frappe/frappe/database/database.py", line 845, in get_single_value
    df = frappe.get_meta(doctype).get_field(fieldname)
         ^^^^^^^^^^^^^^^^^^^^^^^^
  File "/Users/makermurtaza/Desktop/EveryoneCanMake/apps/frappe/frappe/__init__.py", line 1356, in get_meta
    return frappe.model.meta.get_meta(doctype, cached=cached)
           ^^^^^^^^^^^^^^^^^^^^^^^^^^^^^^^^^^^^^^^^^^^^^^^^^^
  File "/Users/makermurtaza/Desktop/EveryoneCanMake/apps/frappe/frappe/model/meta.py", line 71, in get_meta
    meta = Meta(doctype)
           ^^^^^^^^^^^^^
  File "/Users/makermurtaza/Desktop/EveryoneCanMake/apps/frappe/frappe/model/meta.py", line 125, in __init__
    super().__init__("DocType", doctype)
  File "/Users/makermurtaza/Desktop/EveryoneCanMake/apps/frappe/frappe/model/document.py", line 126, in __init__
    self.load_from_db()
  File "/Users/makermurtaza/Desktop/EveryoneCanMake/apps/frappe/frappe/model/meta.py", line 131, in load_from_db
    super().load_from_db()
  File "/Users/makermurtaza/Desktop/EveryoneCanMake/apps/frappe/frappe/model/document.py", line 179, in load_from_db
    frappe.throw(
  File "/Users/makermurtaza/Desktop/EveryoneCanMake/apps/frappe/frappe/__init__.py", line 621, in throw
    msgprint(
  File "/Users/makermurtaza/Desktop/EveryoneCanMake/apps/frappe/frappe/__init__.py", line 586, in msgprint
    _raise_exception()
  File "/Users/makermurtaza/Desktop/EveryoneCanMake/apps/frappe/frappe/__init__.py", line 537, in _raise_exception
    raise exc
frappe.exceptions.DoesNotExistError: DocType System Settings not found
2026-08-09 15:21:44,592 ERROR scheduler Exception in Enqueue Events for Site everyonecanmake.localhost
Traceback (most recent call last):
  File "/Users/makermurtaza/Desktop/EveryoneCanMake/apps/frappe/frappe/utils/scheduler.py", line 99, in enqueue_events_for_site
    if is_scheduler_inactive():
       ^^^^^^^^^^^^^^^^^^^^^^^
  File "/Users/makermurtaza/Desktop/EveryoneCanMake/apps/frappe/frappe/utils/scheduler.py", line 143, in is_scheduler_inactive
    if is_scheduler_disabled(verbose=verbose):
       ^^^^^^^^^^^^^^^^^^^^^^^^^^^^^^^^^^^^^^
  File "/Users/makermurtaza/Desktop/EveryoneCanMake/apps/frappe/frappe/utils/scheduler.py", line 156, in is_scheduler_disabled
    frappe.db.get_single_value("System Settings", "enable_scheduler")
  File "/Users/makermurtaza/Desktop/EveryoneCanMake/apps/frappe/frappe/database/database.py", line 845, in get_single_value
    df = frappe.get_meta(doctype).get_field(fieldname)
         ^^^^^^^^^^^^^^^^^^^^^^^^
  File "/Users/makermurtaza/Desktop/EveryoneCanMake/apps/frappe/frappe/__init__.py", line 1356, in get_meta
    return frappe.model.meta.get_meta(doctype, cached=cached)
           ^^^^^^^^^^^^^^^^^^^^^^^^^^^^^^^^^^^^^^^^^^^^^^^^^^
  File "/Users/makermurtaza/Desktop/EveryoneCanMake/apps/frappe/frappe/model/meta.py", line 71, in get_meta
    meta = Meta(doctype)
           ^^^^^^^^^^^^^
  File "/Users/makermurtaza/Desktop/EveryoneCanMake/apps/frappe/frappe/model/meta.py", line 125, in __init__
    super().__init__("DocType", doctype)
  File "/Users/makermurtaza/Desktop/EveryoneCanMake/apps/frappe/frappe/model/document.py", line 126, in __init__
    self.load_from_db()
  File "/Users/makermurtaza/Desktop/EveryoneCanMake/apps/frappe/frappe/model/meta.py", line 131, in load_from_db
    super().load_from_db()
  File "/Users/makermurtaza/Desktop/EveryoneCanMake/apps/frappe/frappe/model/document.py", line 179, in load_from_db
    frappe.throw(
  File "/Users/makermurtaza/Desktop/EveryoneCanMake/apps/frappe/frappe/__init__.py", line 621, in throw
    msgprint(
  File "/Users/makermurtaza/Desktop/EveryoneCanMake/apps/frappe/frappe/__init__.py", line 586, in msgprint
    _raise_exception()
  File "/Users/makermurtaza/Desktop/EveryoneCanMake/apps/frappe/frappe/__init__.py", line 537, in _raise_exception
    raise exc
frappe.exceptions.DoesNotExistError: DocType System Settings not found
2026-08-09 15:22:44,628 ERROR scheduler Exception in Enqueue Events for Site everyonecanmake.localhost
Traceback (most recent call last):
  File "/Users/makermurtaza/Desktop/EveryoneCanMake/apps/frappe/frappe/utils/scheduler.py", line 99, in enqueue_events_for_site
    if is_scheduler_inactive():
       ^^^^^^^^^^^^^^^^^^^^^^^
  File "/Users/makermurtaza/Desktop/EveryoneCanMake/apps/frappe/frappe/utils/scheduler.py", line 143, in is_scheduler_inactive
    if is_scheduler_disabled(verbose=verbose):
       ^^^^^^^^^^^^^^^^^^^^^^^^^^^^^^^^^^^^^^
  File "/Users/makermurtaza/Desktop/EveryoneCanMake/apps/frappe/frappe/utils/scheduler.py", line 156, in is_scheduler_disabled
    frappe.db.get_single_value("System Settings", "enable_scheduler")
  File "/Users/makermurtaza/Desktop/EveryoneCanMake/apps/frappe/frappe/database/database.py", line 845, in get_single_value
    df = frappe.get_meta(doctype).get_field(fieldname)
         ^^^^^^^^^^^^^^^^^^^^^^^^
  File "/Users/makermurtaza/Desktop/EveryoneCanMake/apps/frappe/frappe/__init__.py", line 1356, in get_meta
    return frappe.model.meta.get_meta(doctype, cached=cached)
           ^^^^^^^^^^^^^^^^^^^^^^^^^^^^^^^^^^^^^^^^^^^^^^^^^^
  File "/Users/makermurtaza/Desktop/EveryoneCanMake/apps/frappe/frappe/model/meta.py", line 71, in get_meta
    meta = Meta(doctype)
           ^^^^^^^^^^^^^
  File "/Users/makermurtaza/Desktop/EveryoneCanMake/apps/frappe/frappe/model/meta.py", line 125, in __init__
    super().__init__("DocType", doctype)
  File "/Users/makermurtaza/Desktop/EveryoneCanMake/apps/frappe/frappe/model/document.py", line 126, in __init__
    self.load_from_db()
  File "/Users/makermurtaza/Desktop/EveryoneCanMake/apps/frappe/frappe/model/meta.py", line 131, in load_from_db
    super().load_from_db()
  File "/Users/makermurtaza/Desktop/EveryoneCanMake/apps/frappe/frappe/model/document.py", line 179, in load_from_db
    frappe.throw(
  File "/Users/makermurtaza/Desktop/EveryoneCanMake/apps/frappe/frappe/__init__.py", line 621, in throw
    msgprint(
  File "/Users/makermurtaza/Desktop/EveryoneCanMake/apps/frappe/frappe/__init__.py", line 586, in msgprint
    _raise_exception()
  File "/Users/makermurtaza/Desktop/EveryoneCanMake/apps/frappe/frappe/__init__.py", line 537, in _raise_exception
    raise exc
frappe.exceptions.DoesNotExistError: DocType System Settings not found
2026-08-09 15:23:44,666 ERROR scheduler Exception in Enqueue Events for Site everyonecanmake.localhost
Traceback (most recent call last):
  File "/Users/makermurtaza/Desktop/EveryoneCanMake/apps/frappe/frappe/utils/scheduler.py", line 99, in enqueue_events_for_site
    if is_scheduler_inactive():
       ^^^^^^^^^^^^^^^^^^^^^^^
  File "/Users/makermurtaza/Desktop/EveryoneCanMake/apps/frappe/frappe/utils/scheduler.py", line 143, in is_scheduler_inactive
    if is_scheduler_disabled(verbose=verbose):
       ^^^^^^^^^^^^^^^^^^^^^^^^^^^^^^^^^^^^^^
  File "/Users/makermurtaza/Desktop/EveryoneCanMake/apps/frappe/frappe/utils/scheduler.py", line 156, in is_scheduler_disabled
    frappe.db.get_single_value("System Settings", "enable_scheduler")
  File "/Users/makermurtaza/Desktop/EveryoneCanMake/apps/frappe/frappe/database/database.py", line 845, in get_single_value
    df = frappe.get_meta(doctype).get_field(fieldname)
         ^^^^^^^^^^^^^^^^^^^^^^^^
  File "/Users/makermurtaza/Desktop/EveryoneCanMake/apps/frappe/frappe/__init__.py", line 1356, in get_meta
    return frappe.model.meta.get_meta(doctype, cached=cached)
           ^^^^^^^^^^^^^^^^^^^^^^^^^^^^^^^^^^^^^^^^^^^^^^^^^^
  File "/Users/makermurtaza/Desktop/EveryoneCanMake/apps/frappe/frappe/model/meta.py", line 71, in get_meta
    meta = Meta(doctype)
           ^^^^^^^^^^^^^
  File "/Users/makermurtaza/Desktop/EveryoneCanMake/apps/frappe/frappe/model/meta.py", line 125, in __init__
    super().__init__("DocType", doctype)
  File "/Users/makermurtaza/Desktop/EveryoneCanMake/apps/frappe/frappe/model/document.py", line 126, in __init__
    self.load_from_db()
  File "/Users/makermurtaza/Desktop/EveryoneCanMake/apps/frappe/frappe/model/meta.py", line 131, in load_from_db
    super().load_from_db()
  File "/Users/makermurtaza/Desktop/EveryoneCanMake/apps/frappe/frappe/model/document.py", line 179, in load_from_db
    frappe.throw(
  File "/Users/makermurtaza/Desktop/EveryoneCanMake/apps/frappe/frappe/__init__.py", line 621, in throw
    msgprint(
  File "/Users/makermurtaza/Desktop/EveryoneCanMake/apps/frappe/frappe/__init__.py", line 586, in msgprint
    _raise_exception()
  File "/Users/makermurtaza/Desktop/EveryoneCanMake/apps/frappe/frappe/__init__.py", line 537, in _raise_exception
    raise exc
frappe.exceptions.DoesNotExistError: DocType System Settings not found
2026-08-09 15:24:44,742 ERROR scheduler Exception in Enqueue Events for Site everyonecanmake.localhost
Traceback (most recent call last):
  File "/Users/makermurtaza/Desktop/EveryoneCanMake/apps/frappe/frappe/utils/scheduler.py", line 99, in enqueue_events_for_site
    if is_scheduler_inactive():
       ^^^^^^^^^^^^^^^^^^^^^^^
  File "/Users/makermurtaza/Desktop/EveryoneCanMake/apps/frappe/frappe/utils/scheduler.py", line 143, in is_scheduler_inactive
    if is_scheduler_disabled(verbose=verbose):
       ^^^^^^^^^^^^^^^^^^^^^^^^^^^^^^^^^^^^^^
  File "/Users/makermurtaza/Desktop/EveryoneCanMake/apps/frappe/frappe/utils/scheduler.py", line 156, in is_scheduler_disabled
    frappe.db.get_single_value("System Settings", "enable_scheduler")
  File "/Users/makermurtaza/Desktop/EveryoneCanMake/apps/frappe/frappe/database/database.py", line 845, in get_single_value
    df = frappe.get_meta(doctype).get_field(fieldname)
         ^^^^^^^^^^^^^^^^^^^^^^^^
  File "/Users/makermurtaza/Desktop/EveryoneCanMake/apps/frappe/frappe/__init__.py", line 1356, in get_meta
    return frappe.model.meta.get_meta(doctype, cached=cached)
           ^^^^^^^^^^^^^^^^^^^^^^^^^^^^^^^^^^^^^^^^^^^^^^^^^^
  File "/Users/makermurtaza/Desktop/EveryoneCanMake/apps/frappe/frappe/model/meta.py", line 71, in get_meta
    meta = Meta(doctype)
           ^^^^^^^^^^^^^
  File "/Users/makermurtaza/Desktop/EveryoneCanMake/apps/frappe/frappe/model/meta.py", line 125, in __init__
    super().__init__("DocType", doctype)
  File "/Users/makermurtaza/Desktop/EveryoneCanMake/apps/frappe/frappe/model/document.py", line 126, in __init__
    self.load_from_db()
  File "/Users/makermurtaza/Desktop/EveryoneCanMake/apps/frappe/frappe/model/meta.py", line 131, in load_from_db
    super().load_from_db()
  File "/Users/makermurtaza/Desktop/EveryoneCanMake/apps/frappe/frappe/model/document.py", line 179, in load_from_db
    frappe.throw(
  File "/Users/makermurtaza/Desktop/EveryoneCanMake/apps/frappe/frappe/__init__.py", line 621, in throw
    msgprint(
  File "/Users/makermurtaza/Desktop/EveryoneCanMake/apps/frappe/frappe/__init__.py", line 586, in msgprint
    _raise_exception()
  File "/Users/makermurtaza/Desktop/EveryoneCanMake/apps/frappe/frappe/__init__.py", line 537, in _raise_exception
    raise exc
frappe.exceptions.DoesNotExistError: DocType System Settings not found
2026-08-09 15:25:44,783 ERROR scheduler Exception in Enqueue Events for Site everyonecanmake.localhost
Traceback (most recent call last):
  File "/Users/makermurtaza/Desktop/EveryoneCanMake/apps/frappe/frappe/utils/scheduler.py", line 99, in enqueue_events_for_site
    if is_scheduler_inactive():
       ^^^^^^^^^^^^^^^^^^^^^^^
  File "/Users/makermurtaza/Desktop/EveryoneCanMake/apps/frappe/frappe/utils/scheduler.py", line 143, in is_scheduler_inactive
    if is_scheduler_disabled(verbose=verbose):
       ^^^^^^^^^^^^^^^^^^^^^^^^^^^^^^^^^^^^^^
  File "/Users/makermurtaza/Desktop/EveryoneCanMake/apps/frappe/frappe/utils/scheduler.py", line 156, in is_scheduler_disabled
    frappe.db.get_single_value("System Settings", "enable_scheduler")
  File "/Users/makermurtaza/Desktop/EveryoneCanMake/apps/frappe/frappe/database/database.py", line 845, in get_single_value
    df = frappe.get_meta(doctype).get_field(fieldname)
         ^^^^^^^^^^^^^^^^^^^^^^^^
  File "/Users/makermurtaza/Desktop/EveryoneCanMake/apps/frappe/frappe/__init__.py", line 1356, in get_meta
    return frappe.model.meta.get_meta(doctype, cached=cached)
           ^^^^^^^^^^^^^^^^^^^^^^^^^^^^^^^^^^^^^^^^^^^^^^^^^^
  File "/Users/makermurtaza/Desktop/EveryoneCanMake/apps/frappe/frappe/model/meta.py", line 71, in get_meta
    meta = Meta(doctype)
           ^^^^^^^^^^^^^
  File "/Users/makermurtaza/Desktop/EveryoneCanMake/apps/frappe/frappe/model/meta.py", line 125, in __init__
    super().__init__("DocType", doctype)
  File "/Users/makermurtaza/Desktop/EveryoneCanMake/apps/frappe/frappe/model/document.py", line 126, in __init__
    self.load_from_db()
  File "/Users/makermurtaza/Desktop/EveryoneCanMake/apps/frappe/frappe/model/meta.py", line 131, in load_from_db
    super().load_from_db()
  File "/Users/makermurtaza/Desktop/EveryoneCanMake/apps/frappe/frappe/model/document.py", line 179, in load_from_db
    frappe.throw(
  File "/Users/makermurtaza/Desktop/EveryoneCanMake/apps/frappe/frappe/__init__.py", line 621, in throw
    msgprint(
  File "/Users/makermurtaza/Desktop/EveryoneCanMake/apps/frappe/frappe/__init__.py", line 586, in msgprint
    _raise_exception()
  File "/Users/makermurtaza/Desktop/EveryoneCanMake/apps/frappe/frappe/__init__.py", line 537, in _raise_exception
    raise exc
frappe.exceptions.DoesNotExistError: DocType System Settings not found
2026-08-09 15:26:44,851 ERROR scheduler Exception in Enqueue Events for Site everyonecanmake.localhost
Traceback (most recent call last):
  File "/Users/makermurtaza/Desktop/EveryoneCanMake/apps/frappe/frappe/utils/scheduler.py", line 99, in enqueue_events_for_site
    if is_scheduler_inactive():
       ^^^^^^^^^^^^^^^^^^^^^^^
  File "/Users/makermurtaza/Desktop/EveryoneCanMake/apps/frappe/frappe/utils/scheduler.py", line 143, in is_scheduler_inactive
    if is_scheduler_disabled(verbose=verbose):
       ^^^^^^^^^^^^^^^^^^^^^^^^^^^^^^^^^^^^^^
  File "/Users/makermurtaza/Desktop/EveryoneCanMake/apps/frappe/frappe/utils/scheduler.py", line 156, in is_scheduler_disabled
    frappe.db.get_single_value("System Settings", "enable_scheduler")
  File "/Users/makermurtaza/Desktop/EveryoneCanMake/apps/frappe/frappe/database/database.py", line 845, in get_single_value
    df = frappe.get_meta(doctype).get_field(fieldname)
         ^^^^^^^^^^^^^^^^^^^^^^^^
  File "/Users/makermurtaza/Desktop/EveryoneCanMake/apps/frappe/frappe/__init__.py", line 1356, in get_meta
    return frappe.model.meta.get_meta(doctype, cached=cached)
           ^^^^^^^^^^^^^^^^^^^^^^^^^^^^^^^^^^^^^^^^^^^^^^^^^^
  File "/Users/makermurtaza/Desktop/EveryoneCanMake/apps/frappe/frappe/model/meta.py", line 71, in get_meta
    meta = Meta(doctype)
           ^^^^^^^^^^^^^
  File "/Users/makermurtaza/Desktop/EveryoneCanMake/apps/frappe/frappe/model/meta.py", line 125, in __init__
    super().__init__("DocType", doctype)
  File "/Users/makermurtaza/Desktop/EveryoneCanMake/apps/frappe/frappe/model/document.py", line 126, in __init__
    self.load_from_db()
  File "/Users/makermurtaza/Desktop/EveryoneCanMake/apps/frappe/frappe/model/meta.py", line 131, in load_from_db
    super().load_from_db()
  File "/Users/makermurtaza/Desktop/EveryoneCanMake/apps/frappe/frappe/model/document.py", line 179, in load_from_db
    frappe.throw(
  File "/Users/makermurtaza/Desktop/EveryoneCanMake/apps/frappe/frappe/__init__.py", line 621, in throw
    msgprint(
  File "/Users/makermurtaza/Desktop/EveryoneCanMake/apps/frappe/frappe/__init__.py", line 586, in msgprint
    _raise_exception()
  File "/Users/makermurtaza/Desktop/EveryoneCanMake/apps/frappe/frappe/__init__.py", line 537, in _raise_exception
    raise exc
frappe.exceptions.DoesNotExistError: DocType System Settings not found
2026-08-09 15:27:44,907 ERROR scheduler Exception in Enqueue Events for Site everyonecanmake.localhost
Traceback (most recent call last):
  File "/Users/makermurtaza/Desktop/EveryoneCanMake/apps/frappe/frappe/utils/scheduler.py", line 99, in enqueue_events_for_site
    if is_scheduler_inactive():
       ^^^^^^^^^^^^^^^^^^^^^^^
  File "/Users/makermurtaza/Desktop/EveryoneCanMake/apps/frappe/frappe/utils/scheduler.py", line 143, in is_scheduler_inactive
    if is_scheduler_disabled(verbose=verbose):
       ^^^^^^^^^^^^^^^^^^^^^^^^^^^^^^^^^^^^^^
  File "/Users/makermurtaza/Desktop/EveryoneCanMake/apps/frappe/frappe/utils/scheduler.py", line 156, in is_scheduler_disabled
    frappe.db.get_single_value("System Settings", "enable_scheduler")
  File "/Users/makermurtaza/Desktop/EveryoneCanMake/apps/frappe/frappe/database/database.py", line 845, in get_single_value
    df = frappe.get_meta(doctype).get_field(fieldname)
         ^^^^^^^^^^^^^^^^^^^^^^^^
  File "/Users/makermurtaza/Desktop/EveryoneCanMake/apps/frappe/frappe/__init__.py", line 1356, in get_meta
    return frappe.model.meta.get_meta(doctype, cached=cached)
           ^^^^^^^^^^^^^^^^^^^^^^^^^^^^^^^^^^^^^^^^^^^^^^^^^^
  File "/Users/makermurtaza/Desktop/EveryoneCanMake/apps/frappe/frappe/model/meta.py", line 71, in get_meta
    meta = Meta(doctype)
           ^^^^^^^^^^^^^
  File "/Users/makermurtaza/Desktop/EveryoneCanMake/apps/frappe/frappe/model/meta.py", line 125, in __init__
    super().__init__("DocType", doctype)
  File "/Users/makermurtaza/Desktop/EveryoneCanMake/apps/frappe/frappe/model/document.py", line 126, in __init__
    self.load_from_db()
  File "/Users/makermurtaza/Desktop/EveryoneCanMake/apps/frappe/frappe/model/meta.py", line 131, in load_from_db
    super().load_from_db()
  File "/Users/makermurtaza/Desktop/EveryoneCanMake/apps/frappe/frappe/model/document.py", line 179, in load_from_db
    frappe.throw(
  File "/Users/makermurtaza/Desktop/EveryoneCanMake/apps/frappe/frappe/__init__.py", line 621, in throw
    msgprint(
  File "/Users/makermurtaza/Desktop/EveryoneCanMake/apps/frappe/frappe/__init__.py", line 586, in msgprint
    _raise_exception()
  File "/Users/makermurtaza/Desktop/EveryoneCanMake/apps/frappe/frappe/__init__.py", line 537, in _raise_exception
    raise exc
frappe.exceptions.DoesNotExistError: DocType System Settings not found
2026-08-09 15:28:44,965 ERROR scheduler Exception in Enqueue Events for Site everyonecanmake.localhost
Traceback (most recent call last):
  File "/Users/makermurtaza/Desktop/EveryoneCanMake/apps/frappe/frappe/utils/scheduler.py", line 99, in enqueue_events_for_site
    if is_scheduler_inactive():
       ^^^^^^^^^^^^^^^^^^^^^^^
  File "/Users/makermurtaza/Desktop/EveryoneCanMake/apps/frappe/frappe/utils/scheduler.py", line 143, in is_scheduler_inactive
    if is_scheduler_disabled(verbose=verbose):
       ^^^^^^^^^^^^^^^^^^^^^^^^^^^^^^^^^^^^^^
  File "/Users/makermurtaza/Desktop/EveryoneCanMake/apps/frappe/frappe/utils/scheduler.py", line 156, in is_scheduler_disabled
    frappe.db.get_single_value("System Settings", "enable_scheduler")
  File "/Users/makermurtaza/Desktop/EveryoneCanMake/apps/frappe/frappe/database/database.py", line 845, in get_single_value
    df = frappe.get_meta(doctype).get_field(fieldname)
         ^^^^^^^^^^^^^^^^^^^^^^^^
  File "/Users/makermurtaza/Desktop/EveryoneCanMake/apps/frappe/frappe/__init__.py", line 1356, in get_meta
    return frappe.model.meta.get_meta(doctype, cached=cached)
           ^^^^^^^^^^^^^^^^^^^^^^^^^^^^^^^^^^^^^^^^^^^^^^^^^^
  File "/Users/makermurtaza/Desktop/EveryoneCanMake/apps/frappe/frappe/model/meta.py", line 71, in get_meta
    meta = Meta(doctype)
           ^^^^^^^^^^^^^
  File "/Users/makermurtaza/Desktop/EveryoneCanMake/apps/frappe/frappe/model/meta.py", line 125, in __init__
    super().__init__("DocType", doctype)
  File "/Users/makermurtaza/Desktop/EveryoneCanMake/apps/frappe/frappe/model/document.py", line 126, in __init__
    self.load_from_db()
  File "/Users/makermurtaza/Desktop/EveryoneCanMake/apps/frappe/frappe/model/meta.py", line 131, in load_from_db
    super().load_from_db()
  File "/Users/makermurtaza/Desktop/EveryoneCanMake/apps/frappe/frappe/model/document.py", line 179, in load_from_db
    frappe.throw(
  File "/Users/makermurtaza/Desktop/EveryoneCanMake/apps/frappe/frappe/__init__.py", line 621, in throw
    msgprint(
  File "/Users/makermurtaza/Desktop/EveryoneCanMake/apps/frappe/frappe/__init__.py", line 586, in msgprint
    _raise_exception()
  File "/Users/makermurtaza/Desktop/EveryoneCanMake/apps/frappe/frappe/__init__.py", line 537, in _raise_exception
    raise exc
frappe.exceptions.DoesNotExistError: DocType System Settings not found
2026-08-09 15:29:44,997 ERROR scheduler Exception in Enqueue Events for Site everyonecanmake.localhost
Traceback (most recent call last):
  File "/Users/makermurtaza/Desktop/EveryoneCanMake/apps/frappe/frappe/utils/scheduler.py", line 99, in enqueue_events_for_site
    if is_scheduler_inactive():
       ^^^^^^^^^^^^^^^^^^^^^^^
  File "/Users/makermurtaza/Desktop/EveryoneCanMake/apps/frappe/frappe/utils/scheduler.py", line 143, in is_scheduler_inactive
    if is_scheduler_disabled(verbose=verbose):
       ^^^^^^^^^^^^^^^^^^^^^^^^^^^^^^^^^^^^^^
  File "/Users/makermurtaza/Desktop/EveryoneCanMake/apps/frappe/frappe/utils/scheduler.py", line 156, in is_scheduler_disabled
    frappe.db.get_single_value("System Settings", "enable_scheduler")
  File "/Users/makermurtaza/Desktop/EveryoneCanMake/apps/frappe/frappe/database/database.py", line 845, in get_single_value
    df = frappe.get_meta(doctype).get_field(fieldname)
         ^^^^^^^^^^^^^^^^^^^^^^^^
  File "/Users/makermurtaza/Desktop/EveryoneCanMake/apps/frappe/frappe/__init__.py", line 1356, in get_meta
    return frappe.model.meta.get_meta(doctype, cached=cached)
           ^^^^^^^^^^^^^^^^^^^^^^^^^^^^^^^^^^^^^^^^^^^^^^^^^^
  File "/Users/makermurtaza/Desktop/EveryoneCanMake/apps/frappe/frappe/model/meta.py", line 71, in get_meta
    meta = Meta(doctype)
           ^^^^^^^^^^^^^
  File "/Users/makermurtaza/Desktop/EveryoneCanMake/apps/frappe/frappe/model/meta.py", line 125, in __init__
    super().__init__("DocType", doctype)
  File "/Users/makermurtaza/Desktop/EveryoneCanMake/apps/frappe/frappe/model/document.py", line 126, in __init__
    self.load_from_db()
  File "/Users/makermurtaza/Desktop/EveryoneCanMake/apps/frappe/frappe/model/meta.py", line 131, in load_from_db
    super().load_from_db()
  File "/Users/makermurtaza/Desktop/EveryoneCanMake/apps/frappe/frappe/model/document.py", line 179, in load_from_db
    frappe.throw(
  File "/Users/makermurtaza/Desktop/EveryoneCanMake/apps/frappe/frappe/__init__.py", line 621, in throw
    msgprint(
  File "/Users/makermurtaza/Desktop/EveryoneCanMake/apps/frappe/frappe/__init__.py", line 586, in msgprint
    _raise_exception()
  File "/Users/makermurtaza/Desktop/EveryoneCanMake/apps/frappe/frappe/__init__.py", line 537, in _raise_exception
    raise exc
frappe.exceptions.DoesNotExistError: DocType System Settings not found
